Component: ARM Compiler 5.06 update 7 (build 960) Tool: armlink [4d3601]

==============================================================================

Section Cross References

    startup_stm32f103xe.o(RESET) refers to startup_stm32f103xe.o(STACK) for __initial_sp
    startup_stm32f103xe.o(RESET) refers to startup_stm32f103xe.o(.text) for Reset_Handler
    startup_stm32f103xe.o(RESET) refers to stm32f1xx_it.o(i.NMI_Handler) for NMI_Handler
    startup_stm32f103xe.o(RESET) refers to stm32f1xx_it.o(i.HardFault_Handler) for HardFault_Handler
    startup_stm32f103xe.o(RESET) refers to stm32f1xx_it.o(i.MemManage_Handler) for MemManage_Handler
    startup_stm32f103xe.o(RESET) refers to stm32f1xx_it.o(i.BusFault_Handler) for BusFault_Handler
    startup_stm32f103xe.o(RESET) refers to stm32f1xx_it.o(i.UsageFault_Handler) for UsageFault_Handler
    startup_stm32f103xe.o(RESET) refers to port.o(.emb_text) for SVC_Handler
    startup_stm32f103xe.o(RESET) refers to stm32f1xx_it.o(i.DebugMon_Handler) for DebugMon_Handler
    startup_stm32f103xe.o(RESET) refers to port.o(i.SysTick_Handler) for SysTick_Handler
    startup_stm32f103xe.o(RESET) refers to stm32f1xx_it.o(i.DMA1_Channel4_IRQHandler) for DMA1_Channel4_IRQHandler
    startup_stm32f103xe.o(RESET) refers to stm32f1xx_it.o(i.DMA1_Channel5_IRQHandler) for DMA1_Channel5_IRQHandler
    startup_stm32f103xe.o(RESET) refers to stm32f1xx_it.o(i.TIM3_IRQHandler) for TIM3_IRQHandler
    startup_stm32f103xe.o(RESET) refers to stm32f1xx_it.o(i.TIM4_IRQHandler) for TIM4_IRQHandler
    startup_stm32f103xe.o(RESET) refers to stm32f1xx_it.o(i.USART1_IRQHandler) for USART1_IRQHandler
    startup_stm32f103xe.o(RESET) refers to stm32f1xx_it.o(i.TIM7_IRQHandler) for TIM7_IRQHandler
    startup_stm32f103xe.o(.text) refers to system_stm32f1xx.o(i.SystemInit) for SystemInit
    startup_stm32f103xe.o(.text) refers to entry.o(.ARM.Collect$$$$00000000) for __main
    kinematics_task.o(i.DH1line) refers to f2d.o(.text) for __aeabi_f2d
    kinematics_task.o(i.DH1line) refers to cos.o(i.cos) for cos
    kinematics_task.o(i.DH1line) refers to d2f.o(.text) for __aeabi_d2f
    kinematics_task.o(i.DH1line) refers to sin.o(i.sin) for sin
    kinematics_task.o(i.DH1line) refers to dmul.o(.text) for __aeabi_dmul
    kinematics_task.o(i.InverseK) refers to f2d.o(.text) for __aeabi_f2d
    kinematics_task.o(i.InverseK) refers to dmul.o(.text) for __aeabi_dmul
    kinematics_task.o(i.InverseK) refers to ddiv.o(.text) for __aeabi_ddiv
    kinematics_task.o(i.InverseK) refers to d2f.o(.text) for __aeabi_d2f
    kinematics_task.o(i.InverseK) refers to memcpya.o(.text) for __aeabi_memcpy4
    kinematics_task.o(i.InverseK) refers to kinematics_task.o(i.MatrixScale) for MatrixScale
    kinematics_task.o(i.InverseK) refers to memseta.o(.text) for __aeabi_memclr4
    kinematics_task.o(i.InverseK) refers to kinematics_task.o(i.pos2tran) for pos2tran
    kinematics_task.o(i.InverseK) refers to kinematics_task.o(i.invtran) for invtran
    kinematics_task.o(i.InverseK) refers to kinematics_task.o(i.MatrixMultiply) for MatrixMultiply
    kinematics_task.o(i.InverseK) refers to fmul.o(.text) for __aeabi_fmul
    kinematics_task.o(i.InverseK) refers to fadd.o(.text) for __aeabi_frsub
    kinematics_task.o(i.InverseK) refers to sqrt.o(i.sqrt) for sqrt
    kinematics_task.o(i.InverseK) refers to atan2.o(i.atan2) for atan2
    kinematics_task.o(i.InverseK) refers to dadd.o(.text) for __aeabi_dsub
    kinematics_task.o(i.InverseK) refers to atan.o(i.atan) for atan
    kinematics_task.o(i.InverseK) refers to dscalb.o(.text) for __ARM_scalbn
    kinematics_task.o(i.InverseK) refers to acos.o(i.acos) for acos
    kinematics_task.o(i.InverseK) refers to fdiv.o(.text) for __aeabi_fdiv
    kinematics_task.o(i.InverseK) refers to fscalb.o(.text) for __ARM_scalbnf
    kinematics_task.o(i.InverseK) refers to kinematics_task.o(.constdata) for .constdata
    kinematics_task.o(i.InverseK) refers to kinematics_task.o(i.DH1line) for DH1line
    kinematics_task.o(i.Kinematics_IK_Task) refers to queue.o(i.xQueueGenericCreate) for xQueueGenericCreate
    kinematics_task.o(i.Kinematics_IK_Task) refers to queue.o(i.xQueueReceive) for xQueueReceive
    kinematics_task.o(i.Kinematics_IK_Task) refers to fadd.o(.text) for __aeabi_fadd
    kinematics_task.o(i.Kinematics_IK_Task) refers to kinematics_task.o(i.InverseK) for InverseK
    kinematics_task.o(i.Kinematics_IK_Task) refers to f2d.o(.text) for __aeabi_f2d
    kinematics_task.o(i.Kinematics_IK_Task) refers to dmul.o(.text) for __aeabi_dmul
    kinematics_task.o(i.Kinematics_IK_Task) refers to dfixui.o(.text) for __aeabi_d2uiz
    kinematics_task.o(i.Kinematics_IK_Task) refers to cdrcmple.o(.text) for __aeabi_cdrcmple
    kinematics_task.o(i.Kinematics_IK_Task) refers to queue.o(i.xQueueGenericSend) for xQueueGenericSend
    kinematics_task.o(i.Kinematics_IK_Task) refers to kinematics_task.o(.data) for .data
[...]
    .constdata                               0x08008118   Section       40  sin_i.o(.constdata)
    S                                        0x08008118   Data          40  sin_i.o(.constdata)
    .constdata                               0x08008140   Section       64  ctype_c.o(.constdata)
    .conststring                             0x08008180   Section       12  freertos.o(.conststring)
    .data                                    0x20000000   Section        8  kinematics_task.o(.data)
    g_queue_cnt                              0x20000000   Data           4  kinematics_task.o(.data)
    .data                                    0x20000008   Section       48  motor.o(.data)
    rclk1                                    0x20000028   Data           4  motor.o(.data)
    rclk1                                    0x2000002c   Data           4  motor.o(.data)
    rclk1                                    0x20000030   Data           4  motor.o(.data)
    rclk1                                    0x20000034   Data           4  motor.o(.data)
    .data                                    0x20000038   Section        4  freertos.o(.data)
    .data                                    0x2000003c   Section       12  usart.o(.data)
    g_tx_cplt                                0x2000003c   Data           4  usart.o(.data)
    g_rx_cplt                                0x20000040   Data           4  usart.o(.data)
    .data                                    0x20000048   Section       12  stm32f1xx_hal.o(.data)
    .data                                    0x20000054   Section        4  system_stm32f1xx.o(.data)
    .data                                    0x20000058   Section       60  tasks.o(.data)
    uxDeletedTasksWaitingCleanUp             0x2000005c   Data           4  tasks.o(.data)
    uxCurrentNumberOfTasks                   0x20000060   Data           4  tasks.o(.data)
    xTickCount                               0x20000064   Data           4  tasks.o(.data)
    uxTopReadyPriority                       0x20000068   Data           4  tasks.o(.data)
    xSchedulerRunning                        0x2000006c   Data           4  tasks.o(.data)
    xPendedTicks                             0x20000070   Data           4  tasks.o(.data)
    xYieldPending                            0x20000074   Data           4  tasks.o(.data)
    xNumOfOverflows                          0x20000078   Data           4  tasks.o(.data)
    uxTaskNumber                             0x2000007c   Data           4  tasks.o(.data)
    xNextTaskUnblockTime                     0x20000080   Data           4  tasks.o(.data)
    xIdleTaskHandle                          0x20000084   Data           4  tasks.o(.data)
    uxSchedulerSuspended                     0x20000088   Data           4  tasks.o(.data)
    pxDelayedTaskList                        0x2000008c   Data           4  tasks.o(.data)
    pxOverflowDelayedTaskList                0x20000090   Data           4  tasks.o(.data)
    .data                                    0x20000094   Section       20  timers.o(.data)
    xTimerQueue                              0x20000094   Data           4  timers.o(.data)
    xTimerTaskHandle                         0x20000098   Data           4  timers.o(.data)
    xLastTime                                0x2000009c   Data           4  timers.o(.data)
    pxCurrentTimerList                       0x200000a0   Data           4  timers.o(.data)
    pxOverflowTimerList                      0x200000a4   Data           4  timers.o(.data)
    .data                                    0x200000a8   Section       32  heap_4.o(.data)
    pxEnd                                    0x200000a8   Data           4  heap_4.o(.data)
    xFreeBytesRemaining                      0x200000ac   Data           4  heap_4.o(.data)
    xMinimumEverFreeBytesRemaining           0x200000b0   Data           4  heap_4.o(.data)
    xNumberOfSuccessfulAllocations           0x200000b4   Data           4  heap_4.o(.data)
    xNumberOfSuccessfulFrees                 0x200000b8   Data           4  heap_4.o(.data)
    xBlockAllocatedBit                       0x200000bc   Data           4  heap_4.o(.data)
    xStart                                   0x200000c0   Data           8  heap_4.o(.data)
    .data                                    0x200000c8   Section       12  port.o(.data)
    ucMaxSysCallPriority                     0x200000c8   Data           1  port.o(.data)
    uxCriticalNesting                        0x200000cc   Data           4  port.o(.data)
    ulMaxPRIGROUPValue                       0x200000d0   Data           4  port.o(.data)
    .data                                    0x200000d4   Section        4  strtok.o(.data)
    state                                    0x200000d4   Data           4  strtok.o(.data)
    .data                                    0x200000d8   Section        4  stdout.o(.data)
    .data                                    0x200000dc   Section        4  errno.o(.data)
    _errno                                   0x200000dc   Data           4  errno.o(.data)
    .bss                                     0x200000e0   Section       88  kinematics_task.o(.bss)
    g_xQueues                                0x20000110   Data          40  kinematics_task.o(.bss)
    .bss                                     0x20000138   Section       72  game.o(.bss)
    .bss                                     0x20000180   Section     1720  freertos.o(.bss)
    xIdleTaskTCBBuffer                       0x20000180   Data          92  freertos.o(.bss)
    xIdleStack                               0x200001dc   Data         512  freertos.o(.bss)
    xTimerTaskTCBBuffer                      0x200003dc   Data          92  freertos.o(.bss)
    xTimerStack                              0x20000438   Data        1024  freertos.o(.bss)
    .bss                                     0x20000838   Section       40  can.o(.bss)
    .bss                                     0x20000860   Section      144  tim.o(.bss)
    .bss                                     0x200008f0   Section      372  usart.o(.bss)
    g_RecvBuf                                0x200009c0   Data          24  usart.o(.bss)
    g_uart1_rx_bufs                          0x200009d8   Data          16  usart.o(.bss)
    .bss                                     0x20000a64   Section       72  stm32f1xx_hal_timebase_tim.o(.bss)
    .bss                                     0x20000aac   Section       64  queue.o(.bss)
    .bss                                     0x20000aec   Section      240  tasks.o(.bss)
    pxReadyTasksLists                        0x20000aec   Data         140  tasks.o(.bss)
    xDelayedTaskList1                        0x20000b78   Data          20  tasks.o(.bss)
    xDelayedTaskList2                        0x20000b8c   Data          20  tasks.o(.bss)
    xPendingReadyList                        0x20000ba0   Data          20  tasks.o(.bss)
    xTasksWaitingTermination                 0x20000bb4   Data          20  tasks.o(.bss)
    xSuspendedTaskList                       0x20000bc8   Data          20  tasks.o(.bss)
    .bss                                     0x20000bdc   Section      280  timers.o(.bss)
    xStaticTimerQueue                        0x20000bdc   Data          80  timers.o(.bss)
    ucStaticTimerQueueStorage                0x20000c2c   Data         160  timers.o(.bss)
    xActiveTimerList1                        0x20000ccc   Data          20  timers.o(.bss)
    xActiveTimerList2                        0x20000ce0   Data          20  timers.o(.bss)
    .bss                                     0x20000cf4   Section    20000  heap_4.o(.bss)
    ucHeap                                   0x20000cf4   Data       20000  heap_4.o(.bss)
    STACK                                    0x20005b18   Section     1024  startup_stm32f103xe.o(STACK)

    Global Symbols

    Symbol Name                              Value     Ov Type        Size  Object(Section)

    BuildAttributes$$THM_ISAv4$P$D$K$B$S$PE$A:L22UL41UL21$X:L11$S22US41US21$IEEE1$IW$USESV6$~STKCKD$USESV7$~SHL$OTIME$ROPI$IEEEX$EBA8$MICROLIB$REQ8$PRES8$EABIv2 0x00000000   Number         0  anon$$obj.o ABSOLUTE
    __ARM_use_no_argv                        0x00000000   Number         0  main.o ABSOLUTE
    _printf_a                                0x00000000   Number         0  stubs.o ABSOLUTE
    _printf_c                                0x00000000   Number         0  stubs.o ABSOLUTE
    _printf_charcount                        0x00000000   Number         0  stubs.o ABSOLUTE
    _printf_d                                0x00000000   Number         0  stubs.o ABSOLUTE
    _printf_e                                0x00000000   Number         0  stubs.o ABSOLUTE
    _printf_f                                0x00000000   Number         0  stubs.o ABSOLUTE
    _printf_flags                            0x00000000   Number         0  stubs.o ABSOLUTE
    _printf_fp_dec                           0x00000000   Number         0  stubs.o ABSOLUTE
    _printf_fp_hex                           0x00000000   Number         0  stubs.o ABSOLUTE
    _printf_g                                0x00000000   Number         0  stubs.o ABSOLUTE
    _printf_i                                0x00000000   Number         0  stubs.o ABSOLUTE
    _printf_int_dec                          0x00000000   Number         0  stubs.o ABSOLUTE
    _printf_l                                0x00000000   Number         0  stubs.o ABSOLUTE
    _printf_lc                               0x00000000   Number         0  stubs.o ABSOLUTE
    _printf_ll                               0x00000000   Number         0  stubs.o ABSOLUTE
    _printf_lld                              0x00000000   Number         0  stubs.o ABSOLUTE
    _printf_lli                              0x00000000   Number         0  stubs.o ABSOLUTE
    _printf_llo                              0x00000000   Number         0  stubs.o ABSOLUTE
    _printf_llu                              0x00000000   Number         0  stubs.o ABSOLUTE
    _printf_llx                              0x00000000   Number         0  stubs.o ABSOLUTE
    _printf_longlong_dec                     0x00000000   Number         0  stubs.o ABSOLUTE
    _printf_longlong_hex                     0x00000000   Number         0  stubs.o ABSOLUTE
    _printf_longlong_oct                     0x00000000   Number         0  stubs.o ABSOLUTE
    _printf_ls                               0x00000000   Number         0  stubs.o ABSOLUTE
    _printf_mbtowc                           0x00000000   Number         0  stubs.o ABSOLUTE
    _printf_n                                0x00000000   Number         0  stubs.o ABSOLUTE
    _printf_o                                0x00000000   Number         0  stubs.o ABSOLUTE
    _printf_p                                0x00000000   Number         0  stubs.o ABSOLUTE
    _printf_percent                          0x00000000   Number         0  stubs.o ABSOLUTE
    _printf_pre_padding                      0x00000000   Number         0  stubs.o ABSOLUTE
    _printf_return_value                     0x00000000   Number         0  stubs.o ABSOLUTE
    _printf_s                                0x00000000   Number         0  stubs.o ABSOLUTE
    _printf_sizespec                         0x00000000   Number         0  stubs.o ABSOLUTE
    _printf_str                              0x00000000   Number         0  stubs.o ABSOLUTE
    _printf_truncate_signed                  0x00000000   Number         0  stubs.o ABSOLUTE
    _printf_truncate_unsigned                0x00000000   Number         0  stubs.o ABSOLUTE
    _printf_u                                0x00000000   Number         0  stubs.o ABSOLUTE
    _printf_wc                               0x00000000   Number         0  stubs.o ABSOLUTE
    _printf_wctomb                           0x00000000   Number         0  stubs.o ABSOLUTE
    _printf_widthprec                        0x00000000   Number         0  stubs.o ABSOLUTE
    _printf_x                                0x00000000   Number         0  stubs.o ABSOLUTE
    __arm_fini_                               - Undefined Weak Reference
    __cpp_initialize__aeabi_                  - Undefined Weak Reference
    __cxa_finalize                            - Undefined Weak Reference
    __decompress                              - Undefined Weak Reference
    _clock_init                               - Undefined Weak Reference
    _microlib_exit                            - Undefined Weak Reference
    __Vectors_Size                           0x00000130   Number         0  startup_stm32f103xe.o ABSOLUTE
    __Vectors                                0x08000000   Data           4  startup_stm32f103xe.o(RESET)
    __Vectors_End                            0x08000130   Data           0  startup_stm32f103xe.o(RESET)
    __main                                   0x08000131   Thumb Code     0  entry.o(.ARM.Collect$$$$00000000)
    _main_stk                                0x08000131   Thumb Code     0  entry2.o(.ARM.Collect$$$$00000001)
    _main_scatterload                        0x08000135   Thumb Code     0  entry5.o(.ARM.Collect$$$$00000004)
    __main_after_scatterload                 0x08000139   Thumb Code     0  entry5.o(.ARM.Collect$$$$00000004)
    _main_clock                              0x08000139   Thumb Code     0  entry7b.o(.ARM.Collect$$$$00000008)
    _main_cpp_init                           0x08000139   Thumb Code     0  entry8b.o(.ARM.Collect$$$$0000000A)
    _main_init                               0x08000139   Thumb Code     0  entry9a.o(.ARM.Collect$$$$0000000B)
    __rt_lib_shutdown_fini                   0x08000141   Thumb Code     0  entry12b.o(.ARM.Collect$$$$0000000E)
    __rt_final_cpp                           0x08000145   Thumb Code     0  entry10a.o(.ARM.Collect$$$$0000000F)
    __rt_final_exit                          0x08000145   Thumb Code     0  entry11a.o(.ARM.Collect$$$$00000011)
    SVC_Handler                              0x08000149   Thumb Code    32  port.o(.emb_text)
    __asm___6_port_c_39a90d8d__prvStartFirstTask 0x0800016d   Thumb Code    28  port.o(.emb_text)
    PendSV_Handler                           0x0800018d   Thumb Code    72  port.o(.emb_text)
    vPortGetIPSR                             0x080001d9   Thumb Code     6  port.o(.emb_text)
    Reset_Handler                            0x080001e1   Thumb Code     8  startup_stm32f103xe.o(.text)
    ADC1_2_IRQHandler                        0x080001fb   Thumb Code     0  startup_stm32f103xe.o(.text)
    ADC3_IRQHandler                          0x080001fb   Thumb Code     0  startup_stm32f103xe.o(.text)
    CAN1_RX1_IRQHandler                      0x080001fb   Thumb Code     0  startup_stm32f103xe.o(.text)
    CAN1_SCE_IRQHandler                      0x080001fb   Thumb Code     0  startup_stm32f103xe.o(.text)
    DMA1_Channel1_IRQHandler                 0x080001fb   Thumb Code     0  startup_stm32f103xe.o(.text)
    DMA1_Channel2_IRQHandler                 0x080001fb   Thumb Code     0  startup_stm32f103xe.o(.text)
    DMA1_Channel3_IRQHandler                 0x080001fb   Thumb Code     0  startup_stm32f103xe.o(.text)
    DMA1_Channel6_IRQHandler                 0x080001fb   Thumb Code     0  startup_stm32f103xe.o(.text)
    DMA1_Channel7_IRQHandler                 0x080001fb   Thumb Code     0  startup_stm32f103xe.o(.text)
    DMA2_Channel1_IRQHandler                 0x080001fb   Thumb Code     0  startup_stm32f103xe.o(.text)
    DMA2_Channel2_IRQHandler                 0x080001fb   Thumb Code     0  startup_stm32f103xe.o(.text)
    DMA2_Channel3_IRQHandler                 0x080001fb   Thumb Code     0  startup_stm32f103xe.o(.text)
    DMA2_Channel4_5_IRQHandler               0x080001fb   Thumb Code     0  startup_stm32f103xe.o(.text)
    EXTI0_IRQHandler                         0x080001fb   Thumb Code     0  startup_stm32f103xe.o(.text)
    EXTI15_10_IRQHandler                     0x080001fb   Thumb Code     0  startup_stm32f103xe.o(.text)
    EXTI1_IRQHandler                         0x080001fb   Thumb Code     0  startup_stm32f103xe.o(.text)
    EXTI2_IRQHandler                         0x080001fb   Thumb Code     0  startup_stm32f103xe.o(.text)
    EXTI3_IRQHandler                         0x080001fb   Thumb Code     0  startup_stm32f103xe.o(.text)
    EXTI4_IRQHandler                         0x080001fb   Thumb Code     0  startup_stm32f103xe.o(.text)
    EXTI9_5_IRQHandler                       0x080001fb   Thumb Code     0  startup_stm32f103xe.o(.text)
    FLASH_IRQHandler                         0x080001fb   Thumb Code     0  startup_stm32f103xe.o(.text)
    FSMC_IRQHandler                          0x080001fb   Thumb Code     0  startup_stm32f103xe.o(.text)
    I2C1_ER_IRQHandler                       0x080001fb   Thumb Code     0  startup_stm32f103xe.o(.text)
    I2C1_EV_IRQHandler                       0x080001fb   Thumb Code     0  startup_stm32f103xe.o(.text)
    I2C2_ER_IRQHandler                       0x080001fb   Thumb Code     0  startup_stm32f103xe.o(.text)
    I2C2_EV_IRQHandler                       0x080001fb   Thumb Code     0  startup_stm32f103xe.o(.text)
    PVD_IRQHandler                           0x080001fb   Thumb Code     0  startup_stm32f103xe.o(.text)
    RCC_IRQHandler                           0x080001fb   Thumb Code     0  startup_stm32f103xe.o(.text)
    RTC_Alarm_IRQHandler                     0x080001fb   Thumb Code     0  startup_stm32f103xe.o(.text)
    RTC_IRQHandler                           0x080001fb   Thumb Code     0  startup_stm32f103xe.o(.text)
    SDIO_IRQHandler                          0x080001fb   Thumb Code     0  startup_stm32f103xe.o(.text)
    SPI1_IRQHandler                          0x080001fb   Thumb Code     0  startup_stm32f103xe.o(.text)
    SPI2_IRQHandler                          0x080001fb   Thumb Code     0  startup_stm32f103xe.o(.text)
    SPI3_IRQHandler                          0x080001fb   Thumb Code     0  startup_stm32f103xe.o(.text)
    TAMPER_IRQHandler                        0x080001fb   Thumb Code     0  startup_stm32f103xe.o(.text)
    TIM1_BRK_IRQHandler                      0x080001fb   Thumb Code     0  startup_stm32f103xe.o(.text)
    TIM1_CC_IRQHandler                       0x080001fb   Thumb Code     0  startup_stm32f103xe.o(.text)
    TIM1_TRG_COM_IRQHandler                  0x080001fb   Thumb Code     0  startup_stm32f103xe.o(.text)
    TIM1_UP_IRQHandler                       0x080001fb   Thumb Code     0  startup_stm32f103xe.o(.text)
    TIM2_IRQHandler                          0x080001fb   Thumb Code     0  startup_stm32f103xe.o(.text)
    TIM5_IRQHandler                          0x080001fb   Thumb Code     0  startup_stm32f103xe.o(.text)
    TIM6_IRQHandler                          0x080001fb   Thumb Code     0  startup_stm32f103xe.o(.text)
    TIM8_BRK_IRQHandler                      0x080001fb   Thumb Code     0  startup_stm32f103xe.o(.text)
    TIM8_CC_IRQHandler                       0x080001fb   Thumb Code     0  startup_stm32f103xe.o(.text)
    TIM8_TRG_COM_IRQHandler                  0x080001fb   Thumb Code     0  startup_stm32f103xe.o(.text)
    TIM8_UP_IRQHandler                       0x080001fb   Thumb Code     0  startup_stm32f103xe.o(.text)
    UART4_IRQHandler                         0x080001fb   Thumb Code     0  startup_stm32f103xe.o(.text)
    UART5_IRQHandler                         0x080001fb   Thumb Code     0  startup_stm32f103xe.o(.text)
    USART2_IRQHandler                        0x080001fb   Thumb Code     0  startup_stm32f103xe.o(.text)
    USART3_IRQHandler                        0x080001fb   Thumb Code     0  startup_stm32f103xe.o(.text)
    USBWakeUp_IRQHandler                     0x080001fb   Thumb Code     0  startup_stm32f103xe.o(.text)
    USB_HP_CAN1_TX_IRQHandler                0x080001fb   Thumb Code     0  startup_stm32f103xe.o(.text)
    USB_LP_CAN1_RX0_IRQHandler               0x080001fb   Thumb Code     0  startup_stm32f103xe.o(.text)
    WWDG_IRQHandler                          0x080001fb   Thumb Code     0  startup_stm32f103xe.o(.text)
    __aeabi_llsr                             0x08000205   Thumb Code    32  llushr.o(.text)
    _ll_ushift_r                             0x08000205   Thumb Code     0  llushr.o(.text)
    __aeabi_memcpy                           0x08000225   Thumb Code    36  memcpya.o(.text)
    __aeabi_memcpy4                          0x08000225   Thumb Code     0  memcpya.o(.text)
    __aeabi_memcpy8                          0x08000225   Thumb Code     0  memcpya.o(.text)
    __aeabi_memset                           0x08000249   Thumb Code    14  memseta.o(.text)
    __aeabi_memset4                          0x08000249   Thumb Code     0  memseta.o(.text)
    __aeabi_memset8                          0x08000249   Thumb Code     0  memseta.o(.text)
    __aeabi_memclr                           0x08000257   Thumb Code     4  memseta.o(.text)
    __aeabi_memclr4                          0x08000257   Thumb Code     0  memseta.o(.text)
    __aeabi_memclr8                          0x08000257   Thumb Code     0  memseta.o(.text)
    memset                                   0x0800025b   Thumb Code    18  memseta.o(.text)
    strncpy                                  0x0800026d   Thumb Code    24  strncpy.o(.text)
    strtok                                   0x08000285   Thumb Code    62  strtok.o(.text)
    __aeabi_fadd                             0x080002c9   Thumb Code   164  fadd.o(.text)
    __aeabi_fsub                             0x0800036d   Thumb Code     6  fadd.o(.text)
    __aeabi_frsub                            0x08000373   Thumb Code     6  fadd.o(.text)
    __aeabi_fmul                             0x08000379   Thumb Code   100  fmul.o(.text)
    __aeabi_fdiv                             0x080003dd   Thumb Code   124  fdiv.o(.text)
    __ARM_scalbnf                            0x08000459   Thumb Code    24  fscalb.o(.text)
    scalbnf                                  0x08000459   Thumb Code     0  fscalb.o(.text)
    __aeabi_dadd                             0x08000471   Thumb Code   322  dadd.o(.text)
    __aeabi_dsub                             0x080005b3   Thumb Code     6  dadd.o(.text)
    __aeabi_drsub                            0x080005b9   Thumb Code     6  dadd.o(.text)
    __aeabi_dmul                             0x080005bf   Thumb Code   228  dmul.o(.text)
    __aeabi_ddiv                             0x080006a3   Thumb Code   222  ddiv.o(.text)
    __ARM_scalbn                             0x08000781   Thumb Code    46  dscalb.o(.text)
    scalbn                                   0x08000781   Thumb Code     0  dscalb.o(.text)
    __aeabi_ui2f                             0x080007af   Thumb Code    10  ffltui.o(.text)
    __aeabi_f2uiz                            0x080007b9   Thumb Code    40  ffixui.o(.text)
    __aeabi_d2uiz                            0x080007e1   Thumb Code    50  dfixui.o(.text)
    __aeabi_f2d                              0x08000813   Thumb Code    38  f2d.o(.text)
    __aeabi_cdrcmple                         0x08000839   Thumb Code    48  cdrcmple.o(.text)
    __aeabi_d2f                              0x08000869   Thumb Code    56  d2f.o(.text)
    __aeabi_uidiv                            0x080008a1   Thumb Code     0  uidiv.o(.text)
    __aeabi_uidivmod                         0x080008a1   Thumb Code    44  uidiv.o(.text)
    __aeabi_uldivmod                         0x080008cd   Thumb Code    98  uldiv.o(.text)
    __aeabi_llsl                             0x0800092f   Thumb Code    30  llshl.o(.text)
    _ll_shift_l                              0x0800092f   Thumb Code     0  llshl.o(.text)
    __aeabi_lasr                             0x0800094d   Thumb Code    36  llsshr.o(.text)
    _ll_sshift_r                             0x0800094d   Thumb Code     0  llsshr.o(.text)
    __strtod_int                             0x080009a7   Thumb Code    90  strtod.o(.text)
    __I$use$fp                               0x08000a0d   Thumb Code     0  iusefp.o(.text)
    _float_round                             0x08000a0d   Thumb Code    18  fepilogue.o(.text)
    _float_epilogue                          0x08000a1f   Thumb Code    92  fepilogue.o(.text)
    _double_round                            0x08000a7b   Thumb Code    30  depilogue.o(.text)
    _double_epilogue                         0x08000a99   Thumb Code   156  depilogue.o(.text)
    _dsqrt                                   0x08000b35   Thumb Code   162  dsqrt.o(.text)
    __aeabi_d2ulz                            0x08000bd7   Thumb Code    48  dfixul.o(.text)
    __aeabi_cdcmpeq                          0x08000c09   Thumb Code     0  cdcmple.o(.text)
    __aeabi_cdcmple                          0x08000c09   Thumb Code    48  cdcmple.o(.text)
    __scatterload                            0x08000c39   Thumb Code    28  init.o(.text)
    __scatterload_rt2                        0x08000c39   Thumb Code     0  init.o(.text)
    isspace                                  0x08000c5d   Thumb Code    10  isspace_c.o(.text)
    _scanf_real                              0x08000d91   Thumb Code     0  scanf_fp.o(.text)
    _scanf_really_real                       0x08000d91   Thumb Code   556  scanf_fp.o(.text)
    _sgetc                                   0x08000fc9   Thumb Code    30  _sgetc.o(.text)
    _sbackspace                              0x08000fe7   Thumb Code    34  _sgetc.o(.text)
    __aeabi_i2d                              0x08001009   Thumb Code    34  dflti.o(.text)
    __aeabi_ui2d                             0x0800102b   Thumb Code    26  dfltui.o(.text)
    __aeabi_d2iz                             0x08001045   Thumb Code    62  dfixi.o(.text)
    __ctype_lookup                           0x08001085   Thumb Code    34  ctype_c.o(.text)
    __aeabi_ul2d                             0x080010ad   Thumb Code    24  dfltul.o(.text)
    BusFault_Handler                         0x080010c5   Thumb Code     2  stm32f1xx_it.o(i.BusFault_Handler)
    CAN_Filter_Config                        0x080010c9   Thumb Code    88  can.o(i.CAN_Filter_Config)
    CAN_Init                                 0x08001129   Thumb Code    28  can.o(i.CAN_Init)
    DH1line                                  0x08001149   Thumb Code   308  kinematics_task.o(i.DH1line)
    DMA1_Channel4_IRQHandler                 0x0800127d   Thumb Code     6  stm32f1xx_it.o(i.DMA1_Channel4_IRQHandler)
    DMA1_Channel5_IRQHandler                 0x08001289   Thumb Code     6  stm32f1xx_it.o(i.DMA1_Channel5_IRQHandler)
    DebugMon_Handler                         0x080012bf   Thumb Code     2  stm32f1xx_it.o(i.DebugMon_Handler)
    Error_Handler                            0x080012c1   Thumb Code     4  main.o(i.Error_Handler)
    HAL_CAN_ActivateNotification             0x080012c5   Thumb Code    36  stm32f1xx_hal_can.o(i.HAL_CAN_ActivateNotification)
    HAL_CAN_AddTxMessage                     0x080012e9   Thumb Code   208  stm32f1xx_hal_can.o(i.HAL_CAN_AddTxMessage)
    HAL_CAN_ConfigFilter                     0x080013b9   Thumb Code   238  stm32f1xx_hal_can.o(i.HAL_CAN_ConfigFilter)
    HAL_CAN_GetError                         0x080014a7   Thumb Code     4  stm32f1xx_hal_can.o(i.HAL_CAN_GetError)
    HAL_CAN_Init                             0x080014ab   Thumb Code   282  stm32f1xx_hal_can.o(i.HAL_CAN_Init)
    HAL_CAN_MspInit                          0x080015c5   Thumb Code    96  can.o(i.HAL_CAN_MspInit)
    HAL_CAN_ResetError                       0x08001631   Thumb Code    34  stm32f1xx_hal_can.o(i.HAL_CAN_ResetError)
    HAL_CAN_Start                            0x08001655   Thumb Code    88  stm32f1xx_hal_can.o(i.HAL_CAN_Start)
    HAL_DMA_Abort                            0x080016ad   Thumb Code    70  stm32f1xx_hal_dma.o(i.HAL_DMA_Abort)
    HAL_DMA_Abort_IT                         0x080016f5   Thumb Code   296  stm32f1xx_hal_dma.o(i.HAL_DMA_Abort_IT)
    HAL_DMA_IRQHandler                       0x08001825   Thumb Code   552  stm32f1xx_hal_dma.o(i.HAL_DMA_IRQHandler)
    HAL_DMA_Init                             0x08001a6d   Thumb Code   112  stm32f1xx_hal_dma.o(i.HAL_DMA_Init)
    HAL_DMA_Start_IT                         0x08001ae9   Thumb Code   112  stm32f1xx_hal_dma.o(i.HAL_DMA_Start_IT)
    HAL_GPIO_Init                            0x08001b59   Thumb Code   462  stm32f1xx_hal_gpio.o(i.HAL_GPIO_Init)
    HAL_GPIO_WritePin                        0x08001d51   Thumb Code    10  stm32f1xx_hal_gpio.o(i.HAL_GPIO_WritePin)
    HAL_GetTick                              0x08001d5d   Thumb Code     6  stm32f1xx_hal.o(i.HAL_GetTick)
    HAL_IncTick                              0x08001d69   Thumb Code    12  stm32f1xx_hal.o(i.HAL_IncTick)
    HAL_Init                                 0x08001d79   Thumb Code    32  stm32f1xx_hal.o(i.HAL_Init)
    HAL_InitTick                             0x08001d9d   Thumb Code   132  stm32f1xx_hal_timebase_tim.o(i.HAL_InitTick)
    HAL_MspInit                              0x08001e35   Thumb Code    62  stm32f1xx_hal_msp.o(i.HAL_MspInit)
    HAL_NVIC_EnableIRQ                       0x08001e7d   Thumb Code    26  stm32f1xx_hal_cortex.o(i.HAL_NVIC_EnableIRQ)
    HAL_NVIC_SetPriority                     0x08001e99   Thumb Code    60  stm32f1xx_hal_cortex.o(i.HAL_NVIC_SetPriority)
    HAL_NVIC_SetPriorityGrouping             0x08001ed9   Thumb Code    26  stm32f1xx_hal_cortex.o(i.HAL_NVIC_SetPriorityGrouping)
    HAL_RCC_ClockConfig                      0x08001efd   Thumb Code   280  stm32f1xx_hal_rcc.o(i.HAL_RCC_ClockConfig)
    HAL_RCC_GetClockConfig                   0x08002029   Thumb Code    54  stm32f1xx_hal_rcc.o(i.HAL_RCC_GetClockConfig)
    HAL_RCC_GetPCLK1Freq                     0x08002069   Thumb Code    20  stm32f1xx_hal_rcc.o(i.HAL_RCC_GetPCLK1Freq)
    HAL_RCC_GetPCLK2Freq                     0x08002089   Thumb Code    20  stm32f1xx_hal_rcc.o(i.HAL_RCC_GetPCLK2Freq)
    HAL_RCC_GetSysClockFreq                  0x080020a9   Thumb Code    58  stm32f1xx_hal_rcc.o(i.HAL_RCC_GetSysClockFreq)
    HAL_RCC_OscConfig                        0x080020f5   Thumb Code   778  stm32f1xx_hal_rcc.o(i.HAL_RCC_OscConfig)
    HAL_TIMEx_BreakCallback                  0x08002415   Thumb Code     2  stm32f1xx_hal_tim_ex.o(i.HAL_TIMEx_BreakCallback)
    HAL_TIMEx_CommutCallback                 0x08002417   Thumb Code     2  stm32f1xx_hal_tim_ex.o(i.HAL_TIMEx_CommutCallback)
    HAL_TIMEx_MasterConfigSynchronization    0x08002419   Thumb Code   104  stm32f1xx_hal_tim_ex.o(i.HAL_TIMEx_MasterConfigSynchronization)
    HAL_TIM_Base_Init                        0x08002495   Thumb Code    90  stm32f1xx_hal_tim.o(i.HAL_TIM_Base_Init)
    HAL_TIM_Base_MspInit                     0x080024f1   Thumb Code    86  tim.o(i.HAL_TIM_Base_MspInit)
    HAL_TIM_Base_Start_IT                    0x08002555   Thumb Code    88  stm32f1xx_hal_tim.o(i.HAL_TIM_Base_Start_IT)
    HAL_TIM_ConfigClockSource                0x080025c1   Thumb Code   220  stm32f1xx_hal_tim.o(i.HAL_TIM_ConfigClockSource)
    HAL_TIM_IC_CaptureCallback               0x0800269d   Thumb Code     2  stm32f1xx_hal_tim.o(i.HAL_TIM_IC_CaptureCallback)
    HAL_TIM_IRQHandler                       0x0800269f   Thumb Code   304  stm32f1xx_hal_tim.o(i.HAL_TIM_IRQHandler)
    HAL_TIM_MspPostInit                      0x080027d1   Thumb Code   118  tim.o(i.HAL_TIM_MspPostInit)
    HAL_TIM_OC_DelayElapsedCallback          0x08002861   Thumb Code     2  stm32f1xx_hal_tim.o(i.HAL_TIM_OC_DelayElapsedCallback)
    HAL_TIM_PWM_ConfigChannel                0x08002863   Thumb Code   204  stm32f1xx_hal_tim.o(i.HAL_TIM_PWM_ConfigChannel)
    HAL_TIM_PWM_Init                         0x0800292f   Thumb Code    90  stm32f1xx_hal_tim.o(i.HAL_TIM_PWM_Init)
    HAL_TIM_PWM_MspInit                      0x08002989   Thumb Code     2  stm32f1xx_hal_tim.o(i.HAL_TIM_PWM_MspInit)
    HAL_TIM_PWM_PulseFinishedCallback        0x0800298d   Thumb Code    80  tim.o(i.HAL_TIM_PWM_PulseFinishedCallback)
    HAL_TIM_PWM_Start_IT                     0x08002a05   Thumb Code   204  stm32f1xx_hal_tim.o(i.HAL_TIM_PWM_Start_IT)
    HAL_TIM_PWM_Stop_IT                      0x08002ae5   Thumb Code   178  stm32f1xx_hal_tim.o(i.HAL_TIM_PWM_Stop_IT)
    HAL_TIM_PeriodElapsedCallback            0x08002ba1   Thumb Code    14  main.o(i.HAL_TIM_PeriodElapsedCallback)
    HAL_TIM_TriggerCallback                  0x08002bb5   Thumb Code     2  stm32f1xx_hal_tim.o(i.HAL_TIM_TriggerCallback)
    HAL_UARTEx_ReceiveToIdle_DMA             0x08002bb7   Thumb Code    74  stm32f1xx_hal_uart.o(i.HAL_UARTEx_ReceiveToIdle_DMA)
    HAL_UARTEx_RxEventCallback               0x08002c01   Thumb Code    44  usart.o(i.HAL_UARTEx_RxEventCallback)
    HAL_UART_ErrorCallback                   0x08002c39   Thumb Code     2  stm32f1xx_hal_uart.o(i.HAL_UART_ErrorCallback)
    HAL_UART_IRQHandler                      0x08002c3d   Thumb Code   616  stm32f1xx_hal_uart.o(i.HAL_UART_IRQHandler)
    HAL_UART_Init                            0x08002ea9   Thumb Code   100  stm32f1xx_hal_uart.o(i.HAL_UART_Init)
    HAL_UART_MspInit                         0x08002f0d   Thumb Code   198  usart.o(i.HAL_UART_MspInit)
    HAL_UART_RxCpltCallback                  0x08002fe9   Thumb Code    20  usart.o(i.HAL_UART_RxCpltCallback)
    HAL_UART_RxHalfCpltCallback              0x08003005   Thumb Code     2  stm32f1xx_hal_uart.o(i.HAL_UART_RxHalfCpltCallback)
    HAL_UART_Transmit                        0x08003007   Thumb Code   160  stm32f1xx_hal_uart.o(i.HAL_UART_Transmit)
    HAL_UART_TxCpltCallback                  0x080030a9   Thumb Code     8  usart.o(i.HAL_UART_TxCpltCallback)
    HardFault_Handler                        0x080030b5   Thumb Code     2  stm32f1xx_it.o(i.HardFault_Handler)
    InverseK                                 0x080030b9   Thumb Code  1514  kinematics_task.o(i.InverseK)
    Kinematics_IK_Task                       0x080036b1   Thumb Code   440  kinematics_task.o(i.Kinematics_IK_Task)
    MX_CAN_Init                              0x0800387d   Thumb Code    58  can.o(i.MX_CAN_Init)
    MX_DMA_Init                              0x080038c1   Thumb Code    56  dma.o(i.MX_DMA_Init)
    MX_FREERTOS_Init                         0x080038fd   Thumb Code    34  freertos.o(i.MX_FREERTOS_Init)
    MX_GPIO_Init                             0x08003929   Thumb Code   144  gpio.o(i.MX_GPIO_Init)
    MX_TIM3_Init                             0x080039c5   Thumb Code   160  tim.o(i.MX_TIM3_Init)
    MX_TIM4_Init                             0x08003a6d   Thumb Code   160  tim.o(i.MX_TIM4_Init)
    MX_USART1_UART_Init                      0x08003b15   Thumb Code    48  usart.o(i.MX_USART1_UART_Init)
    MatrixMultiply                           0x08003b4d   Thumb Code    94  kinematics_task.o(i.MatrixMultiply)
    MatrixScale                              0x08003bab   Thumb Code    54  kinematics_task.o(i.MatrixScale)
    MemManage_Handler                        0x08003be1   Thumb Code     2  stm32f1xx_it.o(i.MemManage_Handler)
    NMI_Handler                              0x08003c0b   Thumb Code     2  stm32f1xx_it.o(i.NMI_Handler)
    RegisterQueueHandle                      0x08003c0d   Thumb Code    20  kinematics_task.o(i.RegisterQueueHandle)
    StartDefaultTask                         0x08003c29   Thumb Code     8  freertos.o(i.StartDefaultTask)
    StartUART1Recv                           0x08003c31   Thumb Code    36  usart.o(i.StartUART1Recv)
    SysTick_Handler                          0x08003c5d   Thumb Code    38  port.o(i.SysTick_Handler)
    SystemClock_Config                       0x08003c89   Thumb Code    94  main.o(i.SystemClock_Config)
    SystemInit                               0x08003ce7   Thumb Code     2  system_stm32f1xx.o(i.SystemInit)
    TIM3_IRQHandler                          0x08003ce9   Thumb Code     6  stm32f1xx_it.o(i.TIM3_IRQHandler)
    TIM4_IRQHandler                          0x08003cf5   Thumb Code     6  stm32f1xx_it.o(i.TIM4_IRQHandler)
    TIM7_IRQHandler                          0x08003d01   Thumb Code     6  stm32f1xx_it.o(i.TIM7_IRQHandler)
    TIM_Base_SetConfig                       0x08003d0d   Thumb Code   134  stm32f1xx_hal_tim.o(i.TIM_Base_SetConfig)
    TIM_CCxChannelCmd                        0x08003da9   Thumb Code    26  stm32f1xx_hal_tim.o(i.TIM_CCxChannelCmd)
    TIM_ETR_SetConfig                        0x08003dc3   Thumb Code    20  stm32f1xx_hal_tim.o(i.TIM_ETR_SetConfig)
    TIM_OC2_SetConfig                        0x08003e49   Thumb Code    98  stm32f1xx_hal_tim.o(i.TIM_OC2_SetConfig)
    UART_Start_Receive_DMA                   0x08004295   Thumb Code   130  stm32f1xx_hal_uart.o(i.UART_Start_Receive_DMA)
    USART1_IRQHandler                        0x08004399   Thumb Code     6  stm32f1xx_it.o(i.USART1_IRQHandler)
    UsageFault_Handler                       0x080043a5   Thumb Code     2  stm32f1xx_it.o(i.UsageFault_Handler)
    __0printf                                0x080043a9   Thumb Code    22  printfa.o(i.__0printf)
    __1printf                                0x080043a9   Thumb Code     0  printfa.o(i.__0printf)
    __2printf                                0x080043a9   Thumb Code     0  printfa.o(i.__0printf)
    __c89printf                              0x080043a9   Thumb Code     0  printfa.o(i.__0printf)
    printf                                   0x080043a9   Thumb Code     0  printfa.o(i.__0printf)
    __ARM_fpclassify                         0x080043c9   Thumb Code    40  fpclassify.o(i.__ARM_fpclassify)
    __ieee754_rem_pio2                       0x08004411   Thumb Code   828  rred.o(i.__ieee754_rem_pio2)
    __kernel_cos                             0x08004799   Thumb Code   230  cos_i.o(i.__kernel_cos)
    __kernel_poly                            0x08004895   Thumb Code   170  poly.o(i.__kernel_poly)
    __kernel_sin                             0x08004941   Thumb Code   224  sin_i.o(i.__kernel_sin)
    __mathlib_dbl_infnan                     0x08004a2d   Thumb Code     6  dunder.o(i.__mathlib_dbl_infnan)
    __mathlib_dbl_infnan2                    0x08004a33   Thumb Code     4  dunder.o(i.__mathlib_dbl_infnan2)
    __mathlib_dbl_invalid                    0x08004a37   Thumb Code    12  dunder.o(i.__mathlib_dbl_invalid)
    __mathlib_dbl_underflow                  0x08004a45   Thumb Code    10  dunder.o(i.__mathlib_dbl_underflow)
    __read_errno                             0x08004a55   Thumb Code     6  errno.o(i.__read_errno)
    __scatterload_copy                       0x08004a61   Thumb Code    14  handlers.o(i.__scatterload_copy)
    __scatterload_null                       0x08004a6f   Thumb Code     2  handlers.o(i.__scatterload_null)
    __scatterload_zeroinit                   0x08004a71   Thumb Code    14  handlers.o(i.__scatterload_zeroinit)
    __set_errno                              0x08004a81   Thumb Code     6  errno.o(i.__set_errno)
    _is_digit                                0x08004c11   Thumb Code    14  scanf_fp.o(i._is_digit)
    acos                                     0x08005329   Thumb Code   574  acos.o(i.acos)
    atan                                     0x080055a5   Thumb Code   474  atan.o(i.atan)
    atan2                                    0x080057c5   Thumb Code   374  atan2.o(i.atan2)
    atof                                     0x08005961   Thumb Code    42  atof.o(i.atof)
    circle_buf_init                          0x0800598b   Thumb Code    12  circle_buffer.o(i.circle_buf_init)
    cos                                      0x08005999   Thumb Code   148  cos.o(i.cos)
    fputc                                    0x08005a35   Thumb Code    20  usart.o(i.fputc)
    invtran                                  0x08005a4d   Thumb Code   200  kinematics_task.o(i.invtran)
    main                                     0x08005b15   Thumb Code    50  main.o(i.main)
    motor_can                                0x08005b55   Thumb Code   266  motor.o(i.motor_can)
    motor_driver                             0x08005c99   Thumb Code   118  motor.o(i.motor_driver)
    motor_game                               0x08005d4d   Thumb Code   258  game.o(i.motor_game)
    motor_step1                              0x08005f7d   Thumb Code   140  motor.o(i.motor_step1)
    motor_step2                              0x0800605d   Thumb Code   142  motor.o(i.motor_step2)
    motor_step3                              0x08006141   Thumb Code   142  motor.o(i.motor_step3)
    motor_step6                              0x08006225   Thumb Code   142  motor.o(i.motor_step6)
    osDelay                                  0x08006309   Thumb Code    14  cmsis_os.o(i.osDelay)
    osKernelStart                            0x08006317   Thumb Code    10  cmsis_os.o(i.osKernelStart)
    osThreadCreate                           0x08006321   Thumb Code    84  cmsis_os.o(i.osThreadCreate)
    parse_received_data                      0x08006375   Thumb Code   150  usart.o(i.parse_received_data)
    pos2tran                                 0x08006415   Thumb Code   634  kinematics_task.o(i.pos2tran)
    pvPortMalloc                             0x08006e35   Thumb Code   216  heap_4.o(i.pvPortMalloc)
    pxPortInitialiseStack                    0x08006f11   Thumb Code    32  port.o(i.pxPortInitialiseStack)
    sin                                      0x08006f35   Thumb Code   150  sin.o(i.sin)
    sqrt                                     0x08006fd5   Thumb Code    76  sqrt.o(i.sqrt)
    start_motor                              0x08007021   Thumb Code    40  motor.o(i.start_motor)
    uxListRemove                             0x08007049   Thumb Code    38  list.o(i.uxListRemove)
    vApplicationGetIdleTaskMemory            0x08007071   Thumb Code    16  freertos.o(i.vApplicationGetIdleTaskMemory)
    vApplicationGetTimerTaskMemory           0x08007085   Thumb Code    18  freertos.o(i.vApplicationGetTimerTaskMemory)
    vListInitialise                          0x0800709d   Thumb Code    22  list.o(i.vListInitialise)
    vListInitialiseItem                      0x080070b3   Thumb Code     6  list.o(i.vListInitialiseItem)
    vListInsert                              0x080070b9   Thumb Code    48  list.o(i.vListInsert)
    vListInsertEnd                           0x080070e9   Thumb Code    24  list.o(i.vListInsertEnd)
    vPortEnterCritical                       0x08007101   Thumb Code    54  port.o(i.vPortEnterCritical)
    vPortExitCritical                        0x08007141   Thumb Code    34  port.o(i.vPortExitCritical)
    vPortFree                                0x08007169   Thumb Code    94  heap_4.o(i.vPortFree)
    vPortSetupTimerInterrupt                 0x080071cd   Thumb Code    32  port.o(i.vPortSetupTimerInterrupt)
    vPortValidateInterruptPriority           0x080071f1   Thumb Code    74  port.o(i.vPortValidateInterruptPriority)
    vQueueAddToRegistry                      0x08007245   Thumb Code    34  queue.o(i.vQueueAddToRegistry)
    vQueueWaitForMessageRestricted           0x0800726d   Thumb Code    68  queue.o(i.vQueueWaitForMessageRestricted)
    vTaskDelay                               0x080072b1   Thumb Code    66  tasks.o(i.vTaskDelay)
    vTaskInternalSetTimeOutState             0x080072fd   Thumb Code    12  tasks.o(i.vTaskInternalSetTimeOutState)
    vTaskMissedYield                         0x0800730d   Thumb Code     8  tasks.o(i.vTaskMissedYield)
    vTaskPlaceOnEventList                    0x08007319   Thumb Code    44  tasks.o(i.vTaskPlaceOnEventList)
    vTaskPlaceOnEventListRestricted          0x08007349   Thumb Code    52  tasks.o(i.vTaskPlaceOnEventListRestricted)
    vTaskStartScheduler                      0x08007381   Thumb Code   118  tasks.o(i.vTaskStartScheduler)
    vTaskSuspendAll                          0x08007409   Thumb Code    10  tasks.o(i.vTaskSuspendAll)
    vTaskSwitchContext                       0x08007419   Thumb Code    82  tasks.o(i.vTaskSwitchContext)
    xPortStartScheduler                      0x08007475   Thumb Code   154  port.o(i.xPortStartScheduler)
    xQueueGenericCreate                      0x0800751d   Thumb Code    66  queue.o(i.xQueueGenericCreate)
    xQueueGenericCreateStatic                0x0800755f   Thumb Code   102  queue.o(i.xQueueGenericCreateStatic)
    xQueueGenericReset                       0x080075c5   Thumb Code   132  queue.o(i.xQueueGenericReset)
    xQueueGenericSend                        0x0800764d   Thumb Code   346  queue.o(i.xQueueGenericSend)
    xQueueGenericSendFromISR                 0x080077ad   Thumb Code   190  queue.o(i.xQueueGenericSendFromISR)
    xQueueReceive                            0x0800786d   Thumb Code   308  queue.o(i.xQueueReceive)
    xTaskCheckForTimeOut                     0x080079a5   Thumb Code   112  tasks.o(i.xTaskCheckForTimeOut)
    xTaskCreate                              0x08007a19   Thumb Code    90  tasks.o(i.xTaskCreate)
    xTaskCreateStatic                        0x08007a73   Thumb Code    86  tasks.o(i.xTaskCreateStatic)
    xTaskGetSchedulerState                   0x08007ac9   Thumb Code    22  tasks.o(i.xTaskGetSchedulerState)
    xTaskGetTickCount                        0x08007ae5   Thumb Code     6  tasks.o(i.xTaskGetTickCount)
    xTaskIncrementTick                       0x08007af1   Thumb Code   194  tasks.o(i.xTaskIncrementTick)
    xTaskPriorityDisinherit                  0x08007bbd   Thumb Code   144  tasks.o(i.xTaskPriorityDisinherit)
    xTaskRemoveFromEventList                 0x08007c55   Thumb Code   108  tasks.o(i.xTaskRemoveFromEventList)
    xTaskResumeAll                           0x08007cc9   Thumb Code   182  tasks.o(i.xTaskResumeAll)
    xTimerCreateTimerTask                    0x08007d8d   Thumb Code    78  timers.o(i.xTimerCreateTimerTask)
    xTimerGenericCommand                     0x08007ded   Thumb Code    98  timers.o(i.xTimerGenericCommand)
    dl                                       0x08007e58   Data          48  kinematics_task.o(.constdata)
    AHBPrescTable                            0x08007f16   Data          16  system_stm32f1xx.o(.constdata)
    APBPrescTable                            0x08007f26   Data           8  system_stm32f1xx.o(.constdata)
    __mathlib_zero                           0x08008048   Data           8  qnan.o(.constdata)
    __ctype_categories                       0x08008140   Data          64  ctype_c.o(.constdata)
    Region$$Table$$Base                      0x0800818c   Number         0  anon$$obj.o(Region$$Table)
    Region$$Table$$Limit                     0x080081ac   Number         0  anon$$obj.o(Region$$Table)
    xQueueUS                                 0x20000004   Data           4  kinematics_task.o(.data)
    motor1_pulses                            0x20000008   Data           4  motor.o(.data)
    motor2_pulses                            0x2000000c   Data           4  motor.o(.data)
    motor3_pulses                            0x20000010   Data           4  motor.o(.data)
    motor4_pulses                            0x20000014   Data           4  motor.o(.data)
    motor1_target_pulses                     0x20000018   Data           4  motor.o(.data)
    motor2_target_pulses                     0x2000001c   Data           4  motor.o(.data)
    motor3_target_pulses                     0x20000020   Data           4  motor.o(.data)
    motor4_target_pulses                     0x20000024   Data           4  motor.o(.data)
    defaultTaskHandle                        0x20000038   Data           4  freertos.o(.data)
    array_length                             0x20000044   Data           4  usart.o(.data)
    uwTickFreq                               0x20000048   Data           1  stm32f1xx_hal.o(.data)
    uwTickPrio                               0x2000004c   Data           4  stm32f1xx_hal.o(.data)
    uwTick                                   0x20000050   Data           4  stm32f1xx_hal.o(.data)
    SystemCoreClock                          0x20000054   Data           4  system_stm32f1xx.o(.data)
    pxCurrentTCB                             0x20000058   Data           4  tasks.o(.data)
    __stdout                                 0x200000d8   Data           4  stdout.o(.data)
    Xbox                                     0x200000e0   Data          24  kinematics_task.o(.bss)
    Jbox                                     0x200000f8   Data          24  kinematics_task.o(.bss)
    g_motors                                 0x20000138   Data          72  game.o(.bss)
    hcan                                     0x20000838   Data          40  can.o(.bss)
    htim3                                    0x20000860   Data          72  tim.o(.bss)
    htim4                                    0x200008a8   Data          72  tim.o(.bss)
    huart1                                   0x200008f0   Data          72  usart.o(.bss)
    hdma_usart1_rx                           0x20000938   Data          68  usart.o(.bss)
    hdma_usart1_tx                           0x2000097c   Data          68  usart.o(.bss)
    gdata                                    0x200009e8   Data          24  usart.o(.bss)
    g_RecvTmpBuf                             0x20000a00   Data         100  usart.o(.bss)
    htim7                                    0x20000a64   Data          72  stm32f1xx_hal_timebase_tim.o(.bss)
    xQueueRegistry                           0x20000aac   Data          64  queue.o(.bss)
    __initial_sp                             0x20005f18   Data           0  startup_stm32f103xe.o(STACK)



==============================================================================

Memory Map of the image

  Image Entry point : 0x08000131

  Load Region LR_IROM1 (Base: 0x08000000, Size: 0x0000828c, Max: 0x00080000, ABSOLUTE)

    Execution Region ER_IROM1 (Exec base: 0x08000000, Load base: 0x08000000, Size: 0x000081ac, Max: 0x00080000, ABSOLUTE)

    Exec Addr    Load Addr    Size         Type   Attr      Idx    E Section Name        Object

    0x08000000   0x08000000   0x00000130   Data   RO            3    RESET               startup_stm32f103xe.o
    0x08000130   0x08000130   0x00000000   Code   RO         5216  * .ARM.Collect$$$$00000000  mc_w.l(entry.o)
    0x08000130   0x08000130   0x00000004   Code   RO         5559    .ARM.Collect$$$$00000001  mc_w.l(entry2.o)
    0x08000134   0x08000134   0x00000004   Code   RO         5562    .ARM.Collect$$$$00000004  mc_w.l(entry5.o)
    0x08000138   0x08000138   0x00000000   Code   RO         5564    .ARM.Collect$$$$00000008  mc_w.l(entry7b.o)
    0x08000138   0x08000138   0x00000000   Code   RO         5566    .ARM.Collect$$$$0000000A  mc_w.l(entry8b.o)
    0x08000138   0x08000138   0x00000008   Code   RO         5567    .ARM.Collect$$$$0000000B  mc_w.l(entry9a.o)
    0x08000140   0x08000140   0x00000004   Code   RO         5574    .ARM.Collect$$$$0000000E  mc_w.l(entry12b.o)
    0x08000144   0x08000144   0x00000000   Code   RO         5569    .ARM.Collect$$$$0000000F  mc_w.l(entry10a.o)
    0x08000144   0x08000144   0x00000000   Code   RO         5571    .ARM.Collect$$$$00000011  mc_w.l(entry11a.o)
    0x08000144   0x08000144   0x00000004   Code   RO         5560    .ARM.Collect$$$$00002712  mc_w.l(entry2.o)
    0x08000148   0x08000148   0x00000096   Code   RO         5083    .emb_text           port.o
    0x080001de   0x080001de   0x00000002   PAD
    0x080001e0   0x080001e0   0x00000024   Code   RO            4    .text               startup_stm32f103xe.o
    0x08000204   0x08000204   0x00000020   Code   RO         5219    .text               mc_w.l(llushr.o)
    0x08000224   0x08000224   0x00000024   Code   RO         5221    .text               mc_w.l(memcpya.o)
    0x08000248   0x08000248   0x00000024   Code   RO         5225    .text               mc_w.l(memseta.o)
    0x0800026c   0x0800026c   0x00000018   Code   RO         5227    .text               mc_w.l(strncpy.o)
    0x08000284   0x08000284   0x00000044   Code   RO         5229    .text               mc_w.l(strtok.o)
    0x080002c8   0x080002c8   0x000000b0   Code   RO         5498    .text               mf_w.l(fadd.o)
    0x08000378   0x08000378   0x00000064   Code   RO         5500    .text               mf_w.l(fmul.o)
    0x080003dc   0x080003dc   0x0000007c   Code   RO         5502    .text               mf_w.l(fdiv.o)
    0x08000458   0x08000458   0x00000018   Code   RO         5504    .text               mf_w.l(fscalb.o)
    0x08000470   0x08000470   0x0000014e   Code   RO         5506    .text               mf_w.l(dadd.o)
    0x080005be   0x080005be   0x000000e4   Code   RO         5508    .text               mf_w.l(dmul.o)
    0x080006a2   0x080006a2   0x000000de   Code   RO         5510    .text               mf_w.l(ddiv.o)
    0x08000780   0x08000780   0x0000002e   Code   RO         5512    .text               mf_w.l(dscalb.o)
    0x080007ae   0x080007ae   0x0000000a   Code   RO         5514    .text               mf_w.l(ffltui.o)
    0x080007b8   0x080007b8   0x00000028   Code   RO         5516    .text               mf_w.l(ffixui.o)
    0x080007e0   0x080007e0   0x00000032   Code   RO         5518    .text               mf_w.l(dfixui.o)
    0x08000812   0x08000812   0x00000026   Code   RO         5520    .text               mf_w.l(f2d.o)
    0x08000838   0x08000838   0x00000030   Code   RO         5522    .text               mf_w.l(cdrcmple.o)
    0x08000868   0x08000868   0x00000038   Code   RO         5524    .text               mf_w.l(d2f.o)
    0x080008a0   0x080008a0   0x0000002c   Code   RO         5576    .text               mc_w.l(uidiv.o)
    0x080008cc   0x080008cc   0x00000062   Code   RO         5578    .text               mc_w.l(uldiv.o)
    0x0800092e   0x0800092e   0x0000001e   Code   RO         5580    .text               mc_w.l(llshl.o)
    0x0800094c   0x0800094c   0x00000024   Code   RO         5582    .text               mc_w.l(llsshr.o)
    0x08000970   0x08000970   0x0000009c   Code   RO         5591    .text               mc_w.l(strtod.o)
    0x08000a0c   0x08000a0c   0x00000000   Code   RO         5593    .text               mc_w.l(iusefp.o)
    0x08000a0c   0x08000a0c   0x0000006e   Code   RO         5594    .text               mf_w.l(fepilogue.o)
    0x08000a7a   0x08000a7a   0x000000ba   Code   RO         5596    .text               mf_w.l(depilogue.o)
    0x08000b34   0x08000b34   0x000000a2   Code   RO         5598    .text               mf_w.l(dsqrt.o)
    0x08000bd6   0x08000bd6   0x00000030   Code   RO         5600    .text               mf_w.l(dfixul.o)
    0x08000c06   0x08000c06   0x00000002   PAD
    0x08000c08   0x08000c08   0x00000030   Code   RO         5602    .text               mf_w.l(cdcmple.o)
    0x08000c38   0x08000c38   0x00000024   Code   RO         5604    .text               mc_w.l(init.o)
    0x08000c5c   0x08000c5c   0x0000000a   Code   RO         5606    .text               mc_w.l(isspace_c.o)
    0x08000c66   0x08000c66   0x00000002   PAD
    0x08000c68   0x08000c68   0x00000360   Code   RO         5608    .text               mc_w.l(scanf_fp.o)
    0x08000fc8   0x08000fc8   0x00000040   Code   RO         5612    .text               mc_w.l(_sgetc.o)
    0x08001008   0x08001008   0x00000022   Code   RO         5614    .text               mf_w.l(dflti.o)
    0x0800102a   0x0800102a   0x0000001a   Code   RO         5616    .text               mf_w.l(dfltui.o)
    0x08001044   0x08001044   0x0000003e   Code   RO         5618    .text               mf_w.l(dfixi.o)
    0x08001082   0x08001082   0x00000002   PAD
    0x08001084   0x08001084   0x00000028   Code   RO         5620    .text               mc_w.l(ctype_c.o)
    0x080010ac   0x080010ac   0x00000018   Code   RO         5623    .text               mf_w.l(dfltul.o)
    0x080010c4   0x080010c4   0x00000002   Code   RO          783    i.BusFault_Handler  stm32f1xx_it.o
    0x080010c6   0x080010c6   0x00000002   PAD
    0x080010c8   0x080010c8   0x00000060   Code   RO          536    i.CAN_Filter_Config  can.o
    0x08001128   0x08001128   0x00000020   Code   RO          537    i.CAN_Init          can.o
    0x08001148   0x08001148   0x00000134   Code   RO           13    i.DH1line           kinematics_task.o
    0x0800127c   0x0800127c   0x0000000c   Code   RO          784    i.DMA1_Channel4_IRQHandler  stm32f1xx_it.o
    0x08001288   0x08001288   0x0000000c   Code   RO          785    i.DMA1_Channel5_IRQHandler  stm32f1xx_it.o
    0x08001294   0x08001294   0x0000002a   Code   RO         1590    i.DMA_SetConfig     stm32f1xx_hal_dma.o
    0x080012be   0x080012be   0x00000002   Code   RO          786    i.DebugMon_Handler  stm32f1xx_it.o
    0x080012c0   0x080012c0   0x00000004   Code   RO          413    i.Error_Handler     main.o
    0x080012c4   0x080012c4   0x00000024   Code   RO          977    i.HAL_CAN_ActivateNotification  stm32f1xx_hal_can.o
    0x080012e8   0x080012e8   0x000000d0   Code   RO          978    i.HAL_CAN_AddTxMessage  stm32f1xx_hal_can.o
    0x080013b8   0x080013b8   0x000000ee   Code   RO          979    i.HAL_CAN_ConfigFilter  stm32f1xx_hal_can.o
    0x080014a6   0x080014a6   0x00000004   Code   RO          983    i.HAL_CAN_GetError  stm32f1xx_hal_can.o
    0x080014aa   0x080014aa   0x0000011a   Code   RO          990    i.HAL_CAN_Init      stm32f1xx_hal_can.o
    0x080015c4   0x080015c4   0x0000006c   Code   RO          540    i.HAL_CAN_MspInit   can.o
    0x08001630   0x08001630   0x00000022   Code   RO          996    i.HAL_CAN_ResetError  stm32f1xx_hal_can.o
    0x08001652   0x08001652   0x00000002   PAD
    0x08001654   0x08001654   0x00000058   Code   RO         1002    i.HAL_CAN_Start     stm32f1xx_hal_can.o
    0x080016ac   0x080016ac   0x00000046   Code   RO         1591    i.HAL_DMA_Abort     stm32f1xx_hal_dma.o
    0x080016f2   0x080016f2   0x00000002   PAD
    0x080016f4   0x080016f4   0x00000130   Code   RO         1592    i.HAL_DMA_Abort_IT  stm32f1xx_hal_dma.o
    0x08001824   0x08001824   0x00000248   Code   RO         1596    i.HAL_DMA_IRQHandler  stm32f1xx_hal_dma.o
    0x08001a6c   0x08001a6c   0x0000007c   Code   RO         1597    i.HAL_DMA_Init      stm32f1xx_hal_dma.o
    0x08001ae8   0x08001ae8   0x00000070   Code   RO         1601    i.HAL_DMA_Start_IT  stm32f1xx_hal_dma.o
    0x08001b58   0x08001b58   0x000001f8   Code   RO         1527    i.HAL_GPIO_Init     stm32f1xx_hal_gpio.o
    0x08001d50   0x08001d50   0x0000000a   Code   RO         1531    i.HAL_GPIO_WritePin  stm32f1xx_hal_gpio.o
    0x08001d5a   0x08001d5a   0x00000002   PAD
    0x08001d5c   0x08001d5c   0x0000000c   Code   RO         1221    i.HAL_GetTick       stm32f1xx_hal.o
    0x08001d68   0x08001d68   0x00000010   Code   RO         1227    i.HAL_IncTick       stm32f1xx_hal.o
    0x08001d78   0x08001d78   0x00000024   Code   RO         1228    i.HAL_Init          stm32f1xx_hal.o
    0x08001d9c   0x08001d9c   0x00000098   Code   RO          901    i.HAL_InitTick      stm32f1xx_hal_timebase_tim.o
    0x08001e34   0x08001e34   0x00000048   Code   RO          877    i.HAL_MspInit       stm32f1xx_hal_msp.o
    0x08001e7c   0x08001e7c   0x0000001a   Code   RO         1687    i.HAL_NVIC_EnableIRQ  stm32f1xx_hal_cortex.o
    0x08001e96   0x08001e96   0x00000002   PAD
    0x08001e98   0x08001e98   0x00000040   Code   RO         1693    i.HAL_NVIC_SetPriority  stm32f1xx_hal_cortex.o
    0x08001ed8   0x08001ed8   0x00000024   Code   RO         1694    i.HAL_NVIC_SetPriorityGrouping  stm32f1xx_hal_cortex.o
    0x08001efc   0x08001efc   0x0000012c   Code   RO         1385    i.HAL_RCC_ClockConfig  stm32f1xx_hal_rcc.o
    0x08002028   0x08002028   0x00000040   Code   RO         1389    i.HAL_RCC_GetClockConfig  stm32f1xx_hal_rcc.o
    0x08002068   0x08002068   0x00000020   Code   RO         1392    i.HAL_RCC_GetPCLK1Freq  stm32f1xx_hal_rcc.o
    0x08002088   0x08002088   0x00000020   Code   RO         1393    i.HAL_RCC_GetPCLK2Freq  stm32f1xx_hal_rcc.o
    0x080020a8   0x080020a8   0x0000004c   Code   RO         1394    i.HAL_RCC_GetSysClockFreq  stm32f1xx_hal_rcc.o
    0x080020f4   0x080020f4   0x00000320   Code   RO         1397    i.HAL_RCC_OscConfig  stm32f1xx_hal_rcc.o
    0x08002414   0x08002414   0x00000002   Code   RO         2893    i.HAL_TIMEx_BreakCallback  stm32f1xx_hal_tim_ex.o
    0x08002416   0x08002416   0x00000002   Code   RO         2894    i.HAL_TIMEx_CommutCallback  stm32f1xx_hal_tim_ex.o
    0x08002418   0x08002418   0x0000007c   Code   RO         2912    i.HAL_TIMEx_MasterConfigSynchronization  stm32f1xx_hal_tim_ex.o
    0x08002494   0x08002494   0x0000005a   Code   RO         2189    i.HAL_TIM_Base_Init  stm32f1xx_hal_tim.o
    0x080024ee   0x080024ee   0x00000002   PAD
    0x080024f0   0x080024f0   0x00000064   Code   RO          621    i.HAL_TIM_Base_MspInit  tim.o
    0x08002554   0x08002554   0x0000006c   Code   RO         2194    i.HAL_TIM_Base_Start_IT  stm32f1xx_hal_tim.o
    0x080025c0   0x080025c0   0x000000dc   Code   RO         2198    i.HAL_TIM_ConfigClockSource  stm32f1xx_hal_tim.o
    0x0800269c   0x0800269c   0x00000002   Code   RO         2223    i.HAL_TIM_IC_CaptureCallback  stm32f1xx_hal_tim.o
    0x0800269e   0x0800269e   0x00000130   Code   RO         2237    i.HAL_TIM_IRQHandler  stm32f1xx_hal_tim.o
    0x080027ce   0x080027ce   0x00000002   PAD
    0x080027d0   0x080027d0   0x00000090   Code   RO          622    i.HAL_TIM_MspPostInit  tim.o
    0x08002860   0x08002860   0x00000002   Code   RO         2240    i.HAL_TIM_OC_DelayElapsedCallback  stm32f1xx_hal_tim.o
    0x08002862   0x08002862   0x000000cc   Code   RO         2261    i.HAL_TIM_PWM_ConfigChannel  stm32f1xx_hal_tim.o
    0x0800292e   0x0800292e   0x0000005a   Code   RO         2264    i.HAL_TIM_PWM_Init  stm32f1xx_hal_tim.o
    0x08002988   0x08002988   0x00000002   Code   RO         2266    i.HAL_TIM_PWM_MspInit  stm32f1xx_hal_tim.o
    0x0800298a   0x0800298a   0x00000002   PAD
    0x0800298c   0x0800298c   0x00000078   Code   RO          623    i.HAL_TIM_PWM_PulseFinishedCallback  tim.o
    0x08002a04   0x08002a04   0x000000e0   Code   RO         2271    i.HAL_TIM_PWM_Start_IT  stm32f1xx_hal_tim.o
    0x08002ae4   0x08002ae4   0x000000bc   Code   RO         2274    i.HAL_TIM_PWM_Stop_IT  stm32f1xx_hal_tim.o
    0x08002ba0   0x08002ba0   0x00000014   Code   RO          414    i.HAL_TIM_PeriodElapsedCallback  main.o
    0x08002bb4   0x08002bb4   0x00000002   Code   RO         2280    i.HAL_TIM_TriggerCallback  stm32f1xx_hal_tim.o
    0x08002bb6   0x08002bb6   0x0000004a   Code   RO         3170    i.HAL_UARTEx_ReceiveToIdle_DMA  stm32f1xx_hal_uart.o
    0x08002c00   0x08002c00   0x00000038   Code   RO          680    i.HAL_UARTEx_RxEventCallback  usart.o
    0x08002c38   0x08002c38   0x00000002   Code   RO         3186    i.HAL_UART_ErrorCallback  stm32f1xx_hal_uart.o
    0x08002c3a   0x08002c3a   0x00000002   PAD
    0x08002c3c   0x08002c3c   0x0000026c   Code   RO         3189    i.HAL_UART_IRQHandler  stm32f1xx_hal_uart.o
    0x08002ea8   0x08002ea8   0x00000064   Code   RO         3190    i.HAL_UART_Init     stm32f1xx_hal_uart.o
    0x08002f0c   0x08002f0c   0x000000dc   Code   RO          682    i.HAL_UART_MspInit  usart.o
    0x08002fe8   0x08002fe8   0x0000001c   Code   RO          683    i.HAL_UART_RxCpltCallback  usart.o
    0x08003004   0x08003004   0x00000002   Code   RO         3197    i.HAL_UART_RxHalfCpltCallback  stm32f1xx_hal_uart.o
    0x08003006   0x08003006   0x000000a0   Code   RO         3198    i.HAL_UART_Transmit  stm32f1xx_hal_uart.o
    0x080030a6   0x080030a6   0x00000002   PAD
    0x080030a8   0x080030a8   0x0000000c   Code   RO          684    i.HAL_UART_TxCpltCallback  usart.o
    0x080030b4   0x080030b4   0x00000002   Code   RO          787    i.HardFault_Handler  stm32f1xx_it.o
    0x080030b6   0x080030b6   0x00000002   PAD
    0x080030b8   0x080030b8   0x000005f8   Code   RO           14    i.InverseK          kinematics_task.o
    0x080036b0   0x080036b0   0x000001cc   Code   RO           15    i.Kinematics_IK_Task  kinematics_task.o
    0x0800387c   0x0800387c   0x00000044   Code   RO          541    i.MX_CAN_Init       can.o
    0x080038c0   0x080038c0   0x0000003c   Code   RO          596    i.MX_DMA_Init       dma.o
    0x080038fc   0x080038fc   0x0000002c   Code   RO          488    i.MX_FREERTOS_Init  freertos.o
    0x08003928   0x08003928   0x0000009c   Code   RO          464    i.MX_GPIO_Init      gpio.o
    0x080039c4   0x080039c4   0x000000a8   Code   RO          624    i.MX_TIM3_Init      tim.o
    0x08003a6c   0x08003a6c   0x000000a8   Code   RO          625    i.MX_TIM4_Init      tim.o
    0x08003b14   0x08003b14   0x00000038   Code   RO          685    i.MX_USART1_UART_Init  usart.o
    0x08003b4c   0x08003b4c   0x0000005e   Code   RO           16    i.MatrixMultiply    kinematics_task.o
    0x08003baa   0x08003baa   0x00000036   Code   RO           17    i.MatrixScale       kinematics_task.o
    0x08003be0   0x08003be0   0x00000002   Code   RO          788    i.MemManage_Handler  stm32f1xx_it.o
    0x08003be2   0x08003be2   0x00000028   Code   RO          335    i.MotorTask         game.o
    0x08003c0a   0x08003c0a   0x00000002   Code   RO          789    i.NMI_Handler       stm32f1xx_it.o
    0x08003c0c   0x08003c0c   0x0000001c   Code   RO           18    i.RegisterQueueHandle  kinematics_task.o
    0x08003c28   0x08003c28   0x00000008   Code   RO          489    i.StartDefaultTask  freertos.o
    0x08003c30   0x08003c30   0x0000002c   Code   RO          686    i.StartUART1Recv    usart.o
    0x08003c5c   0x08003c5c   0x0000002c   Code   RO         5084    i.SysTick_Handler   port.o
    0x08003c88   0x08003c88   0x0000005e   Code   RO          415    i.SystemClock_Config  main.o
    0x08003ce6   0x08003ce6   0x00000002   Code   RO         3524    i.SystemInit        system_stm32f1xx.o
    0x08003ce8   0x08003ce8   0x0000000c   Code   RO          790    i.TIM3_IRQHandler   stm32f1xx_it.o
    0x08003cf4   0x08003cf4   0x0000000c   Code   RO          791    i.TIM4_IRQHandler   stm32f1xx_it.o
    0x08003d00   0x08003d00   0x0000000c   Code   RO          792    i.TIM7_IRQHandler   stm32f1xx_it.o
    0x08003d0c   0x08003d0c   0x0000009c   Code   RO         2282    i.TIM_Base_SetConfig  stm32f1xx_hal_tim.o
    0x08003da8   0x08003da8   0x0000001a   Code   RO         2283    i.TIM_CCxChannelCmd  stm32f1xx_hal_tim.o
    0x08003dc2   0x08003dc2   0x00000014   Code   RO         2293    i.TIM_ETR_SetConfig  stm32f1xx_hal_tim.o
    0x08003dd6   0x08003dd6   0x00000010   Code   RO         2294    i.TIM_ITRx_SetConfig  stm32f1xx_hal_tim.o
    0x08003de6   0x08003de6   0x00000002   PAD
    0x08003de8   0x08003de8   0x00000060   Code   RO         2295    i.TIM_OC1_SetConfig  stm32f1xx_hal_tim.o
    0x08003e48   0x08003e48   0x0000006c   Code   RO         2296    i.TIM_OC2_SetConfig  stm32f1xx_hal_tim.o
    0x08003eb4   0x08003eb4   0x00000068   Code   RO         2297    i.TIM_OC3_SetConfig  stm32f1xx_hal_tim.o
    0x08003f1c   0x08003f1c   0x00000050   Code   RO         2298    i.TIM_OC4_SetConfig  stm32f1xx_hal_tim.o
    0x08003f6c   0x08003f6c   0x00000022   Code   RO         2300    i.TIM_TI1_ConfigInputStage  stm32f1xx_hal_tim.o
    0x08003f8e   0x08003f8e   0x00000024   Code   RO         2302    i.TIM_TI2_ConfigInputStage  stm32f1xx_hal_tim.o
    0x08003fb2   0x08003fb2   0x00000010   Code   RO         3203    i.UART_DMAAbortOnError  stm32f1xx_hal_uart.o
    0x08003fc2   0x08003fc2   0x0000004a   Code   RO         3204    i.UART_DMAError     stm32f1xx_hal_uart.o
    0x0800400c   0x0800400c   0x00000086   Code   RO         3205    i.UART_DMAReceiveCplt  stm32f1xx_hal_uart.o
    0x08004092   0x08004092   0x0000001e   Code   RO         3207    i.UART_DMARxHalfCplt  stm32f1xx_hal_uart.o
    0x080040b0   0x080040b0   0x0000004e   Code   RO         3213    i.UART_EndRxTransfer  stm32f1xx_hal_uart.o
    0x080040fe   0x080040fe   0x0000001c   Code   RO         3214    i.UART_EndTxTransfer  stm32f1xx_hal_uart.o
    0x0800411a   0x0800411a   0x000000c2   Code   RO         3215    i.UART_Receive_IT   stm32f1xx_hal_uart.o
    0x080041dc   0x080041dc   0x000000b8   Code   RO         3216    i.UART_SetConfig    stm32f1xx_hal_uart.o
    0x08004294   0x08004294   0x00000090   Code   RO         3217    i.UART_Start_Receive_DMA  stm32f1xx_hal_uart.o
    0x08004324   0x08004324   0x00000072   Code   RO         3219    i.UART_WaitOnFlagUntilTimeout  stm32f1xx_hal_uart.o
    0x08004396   0x08004396   0x00000002   PAD
    0x08004398   0x08004398   0x0000000c   Code   RO          793    i.USART1_IRQHandler  stm32f1xx_it.o
    0x080043a4   0x080043a4   0x00000002   Code   RO          794    i.UsageFault_Handler  stm32f1xx_it.o
    0x080043a6   0x080043a6   0x00000002   PAD
    0x080043a8   0x080043a8   0x00000020   Code   RO         5470    i.__0printf         mc_w.l(printfa.o)
    0x080043c8   0x080043c8   0x00000028   Code   RO         5543    i.__ARM_fpclassify  m_ws.l(fpclassify.o)
    0x080043f0   0x080043f0   0x00000020   Code   RO         1700    i.__NVIC_SetPriority  stm32f1xx_hal_cortex.o
    0x08004410   0x08004410   0x00000388   Code   RO         5548    i.__ieee754_rem_pio2  m_ws.l(rred.o)
    0x08004798   0x08004798   0x000000fc   Code   RO         5526    i.__kernel_cos      m_ws.l(cos_i.o)
    0x08004894   0x08004894   0x000000aa   Code   RO         5545    i.__kernel_poly     m_ws.l(poly.o)
    0x0800493e   0x0800493e   0x00000002   PAD
    0x08004940   0x08004940   0x000000ec   Code   RO         5553    i.__kernel_sin      m_ws.l(sin_i.o)
    0x08004a2c   0x08004a2c   0x00000006   Code   RO         5530    i.__mathlib_dbl_infnan  m_ws.l(dunder.o)
    0x08004a32   0x08004a32   0x00000004   Code   RO         5531    i.__mathlib_dbl_infnan2  m_ws.l(dunder.o)
    0x08004a36   0x08004a36   0x0000000c   Code   RO         5532    i.__mathlib_dbl_invalid  m_ws.l(dunder.o)
    0x08004a42   0x08004a42   0x00000002   PAD
    0x08004a44   0x08004a44   0x00000010   Code   RO         5535    i.__mathlib_dbl_underflow  m_ws.l(dunder.o)
    0x08004a54   0x08004a54   0x0000000c   Code   RO         5585    i.__read_errno      mc_w.l(errno.o)
    0x08004a60   0x08004a60   0x0000000e   Code   RO         5627    i.__scatterload_copy  mc_w.l(handlers.o)
    0x08004a6e   0x08004a6e   0x00000002   Code   RO         5628    i.__scatterload_null  mc_w.l(handlers.o)
    0x08004a70   0x08004a70   0x0000000e   Code   RO         5629    i.__scatterload_zeroinit  mc_w.l(handlers.o)
    0x08004a7e   0x08004a7e   0x00000002   PAD
    0x08004a80   0x08004a80   0x0000000c   Code   RO         5586    i.__set_errno       mc_w.l(errno.o)
    0x08004a8c   0x08004a8c   0x00000184   Code   RO         5477    i._fp_digits        mc_w.l(printfa.o)
    0x08004c10   0x08004c10   0x0000000e   Code   RO         5610    i._is_digit         mc_w.l(scanf_fp.o)
    0x08004c1e   0x08004c1e   0x00000002   PAD
    0x08004c20   0x08004c20   0x000006b4   Code   RO         5478    i._printf_core      mc_w.l(printfa.o)
    0x080052d4   0x080052d4   0x00000024   Code   RO         5479    i._printf_post_padding  mc_w.l(printfa.o)
    0x080052f8   0x080052f8   0x0000002e   Code   RO         5480    i._printf_pre_padding  mc_w.l(printfa.o)
    0x08005326   0x08005326   0x00000002   PAD
    0x08005328   0x08005328   0x0000027c   Code   RO         5161    i.acos              m_ws.l(acos.o)
    0x080055a4   0x080055a4   0x00000220   Code   RO         5171    i.atan              m_ws.l(atan.o)
    0x080057c4   0x080057c4   0x0000019c   Code   RO         5181    i.atan2             m_ws.l(atan2.o)
    0x08005960   0x08005960   0x0000002a   Code   RO         5189    i.atof              m_ws.l(atof.o)
    0x0800598a   0x0800598a   0x0000000c   Code   RO          234    i.circle_buf_init   circle_buffer.o
    0x08005996   0x08005996   0x00000002   PAD
    0x08005998   0x08005998   0x0000009c   Code   RO         5193    i.cos               m_ws.l(cos.o)
    0x08005a34   0x08005a34   0x00000018   Code   RO          690    i.fputc             usart.o
    0x08005a4c   0x08005a4c   0x000000c8   Code   RO           19    i.invtran           kinematics_task.o
    0x08005b14   0x08005b14   0x00000032   Code   RO          416    i.main              main.o
    0x08005b46   0x08005b46   0x0000000c   Code   RO         4649    i.makeFreeRtosPriority  cmsis_os.o
    0x08005b52   0x08005b52   0x00000002   PAD
    0x08005b54   0x08005b54   0x00000144   Code   RO          264    i.motor_can         motor.o
    0x08005c98   0x08005c98   0x000000b4   Code   RO          265    i.motor_driver      motor.o
    0x08005d4c   0x08005d4c   0x00000230   Code   RO          336    i.motor_game        game.o
    0x08005f7c   0x08005f7c   0x000000e0   Code   RO          266    i.motor_step1       motor.o
    0x0800605c   0x0800605c   0x000000e4   Code   RO          267    i.motor_step2       motor.o
    0x08006140   0x08006140   0x000000e4   Code   RO          268    i.motor_step3       motor.o
    0x08006224   0x08006224   0x000000e4   Code   RO          269    i.motor_step6       motor.o
    0x08006308   0x08006308   0x0000000e   Code   RO         4651    i.osDelay           cmsis_os.o
    0x08006316   0x08006316   0x0000000a   Code   RO         4654    i.osKernelStart     cmsis_os.o
    0x08006320   0x08006320   0x00000054   Code   RO         4688    i.osThreadCreate    cmsis_os.o
    0x08006374   0x08006374   0x000000a0   Code   RO          691    i.parse_received_data  usart.o
    0x08006414   0x08006414   0x0000027a   Code   RO           20    i.pos2tran          kinematics_task.o
    0x0800668e   0x0800668e   0x00000002   PAD
    0x08006690   0x08006690   0x00000070   Code   RO         4114    i.prvAddCurrentTaskToDelayedList  tasks.o
    0x08006700   0x08006700   0x000000d0   Code   RO         4115    i.prvAddNewTaskToReadyList  tasks.o
    0x080067d0   0x080067d0   0x00000058   Code   RO         4479    i.prvCheckForValidListAndQueue  timers.o
    0x08006828   0x08006828   0x00000026   Code   RO         3714    i.prvCopyDataFromQueue  queue.o
    0x0800684e   0x0800684e   0x0000006c   Code   RO         3715    i.prvCopyDataToQueue  queue.o
    0x080068ba   0x080068ba   0x00000034   Code   RO         4116    i.prvDeleteTCB      tasks.o
    0x080068ee   0x080068ee   0x00000002   PAD
    0x080068f0   0x080068f0   0x00000048   Code   RO         5028    i.prvHeapInit       heap_4.o
    0x08006938   0x08006938   0x00000060   Code   RO         4117    i.prvIdleTask       tasks.o
    0x08006998   0x08006998   0x00000022   Code   RO         3717    i.prvInitialiseNewQueue  queue.o
    0x080069ba   0x080069ba   0x00000002   PAD
    0x080069bc   0x080069bc   0x000000b0   Code   RO         4118    i.prvInitialiseNewTask  tasks.o
    0x08006a6c   0x08006a6c   0x0000004c   Code   RO         5029    i.prvInsertBlockIntoFreeList  heap_4.o
    0x08006ab8   0x08006ab8   0x00000038   Code   RO         4481    i.prvInsertTimerInActiveList  timers.o
    0x08006af0   0x08006af0   0x0000001c   Code   RO         3718    i.prvIsQueueEmpty   queue.o
    0x08006b0c   0x08006b0c   0x000000fc   Code   RO         4482    i.prvProcessReceivedCommands  timers.o
    0x08006c08   0x08006c08   0x000000c0   Code   RO         4483    i.prvProcessTimerOrBlockTask  timers.o
    0x08006cc8   0x08006cc8   0x00000020   Code   RO         4120    i.prvResetNextTaskUnblockTime  tasks.o
    0x08006ce8   0x08006ce8   0x00000028   Code   RO         4484    i.prvSampleTimeNow  timers.o
    0x08006d10   0x08006d10   0x0000006c   Code   RO         4485    i.prvSwitchTimerLists  timers.o
    0x08006d7c   0x08006d7c   0x00000028   Code   RO         5085    i.prvTaskExitError  port.o
    0x08006da4   0x08006da4   0x00000024   Code   RO         4486    i.prvTimerTask      timers.o
    0x08006dc8   0x08006dc8   0x0000006a   Code   RO         3719    i.prvUnlockQueue    queue.o
    0x08006e32   0x08006e32   0x00000002   PAD
    0x08006e34   0x08006e34   0x000000dc   Code   RO         5030    i.pvPortMalloc      heap_4.o
    0x08006f10   0x08006f10   0x00000024   Code   RO         5086    i.pxPortInitialiseStack  port.o
    0x08006f34   0x08006f34   0x000000a0   Code   RO         5201    i.sin               m_ws.l(sin.o)
    0x08006fd4   0x08006fd4   0x0000004c   Code   RO         5209    i.sqrt              m_ws.l(sqrt.o)
    0x08007020   0x08007020   0x00000028   Code   RO          270    i.start_motor       motor.o
    0x08007048   0x08007048   0x00000026   Code   RO         3677    i.uxListRemove      list.o
    0x0800706e   0x0800706e   0x00000002   PAD
    0x08007070   0x08007070   0x00000014   Code   RO          490    i.vApplicationGetIdleTaskMemory  freertos.o
    0x08007084   0x08007084   0x00000018   Code   RO          491    i.vApplicationGetTimerTaskMemory  freertos.o
    0x0800709c   0x0800709c   0x00000016   Code   RO         3678    i.vListInitialise   list.o
    0x080070b2   0x080070b2   0x00000006   Code   RO         3679    i.vListInitialiseItem  list.o
    0x080070b8   0x080070b8   0x00000030   Code   RO         3680    i.vListInsert       list.o
    0x080070e8   0x080070e8   0x00000018   Code   RO         3681    i.vListInsertEnd    list.o
    0x08007100   0x08007100   0x00000040   Code   RO         5088    i.vPortEnterCritical  port.o
    0x08007140   0x08007140   0x00000028   Code   RO         5089    i.vPortExitCritical  port.o
    0x08007168   0x08007168   0x00000064   Code   RO         5031    i.vPortFree         heap_4.o
    0x080071cc   0x080071cc   0x00000024   Code   RO         5090    i.vPortSetupTimerInterrupt  port.o
    0x080071f0   0x080071f0   0x00000054   Code   RO         5091    i.vPortValidateInterruptPriority  port.o
    0x08007244   0x08007244   0x00000028   Code   RO         3725    i.vQueueAddToRegistry  queue.o
    0x0800726c   0x0800726c   0x00000044   Code   RO         3729    i.vQueueWaitForMessageRestricted  queue.o
    0x080072b0   0x080072b0   0x0000004c   Code   RO         4133    i.vTaskDelay        tasks.o
    0x080072fc   0x080072fc   0x00000010   Code   RO         4138    i.vTaskInternalSetTimeOutState  tasks.o
    0x0800730c   0x0800730c   0x0000000c   Code   RO         4139    i.vTaskMissedYield  tasks.o
    0x08007318   0x08007318   0x00000030   Code   RO         4141    i.vTaskPlaceOnEventList  tasks.o
    0x08007348   0x08007348   0x00000038   Code   RO         4142    i.vTaskPlaceOnEventListRestricted  tasks.o
    0x08007380   0x08007380   0x00000088   Code   RO         4150    i.vTaskStartScheduler  tasks.o
    0x08007408   0x08007408   0x00000010   Code   RO         4152    i.vTaskSuspendAll   tasks.o
    0x08007418   0x08007418   0x0000005c   Code   RO         4153    i.vTaskSwitchContext  tasks.o
    0x08007474   0x08007474   0x000000a8   Code   RO         5092    i.xPortStartScheduler  port.o
    0x0800751c   0x0800751c   0x00000042   Code   RO         3734    i.xQueueGenericCreate  queue.o
    0x0800755e   0x0800755e   0x00000066   Code   RO         3735    i.xQueueGenericCreateStatic  queue.o
    0x080075c4   0x080075c4   0x00000088   Code   RO         3736    i.xQueueGenericReset  queue.o
    0x0800764c   0x0800764c   0x00000160   Code   RO         3737    i.xQueueGenericSend  queue.o
    0x080077ac   0x080077ac   0x000000be   Code   RO         3738    i.xQueueGenericSendFromISR  queue.o
    0x0800786a   0x0800786a   0x00000002   PAD
    0x0800786c   0x0800786c   0x00000138   Code   RO         3747    i.xQueueReceive     queue.o
    0x080079a4   0x080079a4   0x00000074   Code   RO         4155    i.xTaskCheckForTimeOut  tasks.o
    0x08007a18   0x08007a18   0x0000005a   Code   RO         4156    i.xTaskCreate       tasks.o
    0x08007a72   0x08007a72   0x00000056   Code   RO         4157    i.xTaskCreateStatic  tasks.o
    0x08007ac8   0x08007ac8   0x0000001c   Code   RO         4161    i.xTaskGetSchedulerState  tasks.o
    0x08007ae4   0x08007ae4   0x0000000c   Code   RO         4162    i.xTaskGetTickCount  tasks.o
    0x08007af0   0x08007af0   0x000000cc   Code   RO         4164    i.xTaskIncrementTick  tasks.o
    0x08007bbc   0x08007bbc   0x00000098   Code   RO         4167    i.xTaskPriorityDisinherit  tasks.o
    0x08007c54   0x08007c54   0x00000074   Code   RO         4169    i.xTaskRemoveFromEventList  tasks.o
    0x08007cc8   0x08007cc8   0x000000c4   Code   RO         4170    i.xTaskResumeAll    tasks.o
    0x08007d8c   0x08007d8c   0x00000060   Code   RO         4495    i.xTimerCreateTimerTask  timers.o
    0x08007dec   0x08007dec   0x00000068   Code   RO         4496    i.xTimerGenericCommand  timers.o
    0x08007e54   0x08007e54   0x00000004   PAD
    0x08007e58   0x08007e58   0x00000090   Data   RO           30    .constdata          kinematics_task.o
    0x08007ee8   0x08007ee8   0x0000001c   Data   RO          493    .constdata          freertos.o
    0x08007f04   0x08007f04   0x00000012   Data   RO         1398    .constdata          stm32f1xx_hal_rcc.o
    0x08007f16   0x08007f16   0x00000010   Data   RO         3525    .constdata          system_stm32f1xx.o
    0x08007f26   0x08007f26   0x00000008   Data   RO         3526    .constdata          system_stm32f1xx.o
    0x08007f2e   0x08007f2e   0x00000002   PAD
    0x08007f30   0x08007f30   0x00000050   Data   RO         5162    .constdata          m_ws.l(acos.o)
    0x08007f80   0x08007f80   0x00000098   Data   RO         5172    .constdata          m_ws.l(atan.o)
    0x08008018   0x08008018   0x00000030   Data   RO         5527    .constdata          m_ws.l(cos_i.o)
    0x08008048   0x08008048   0x00000008   Data   RO         5547    .constdata          m_ws.l(qnan.o)
    0x08008050   0x08008050   0x000000c8   Data   RO         5550    .constdata          m_ws.l(rred.o)
    0x08008118   0x08008118   0x00000028   Data   RO         5554    .constdata          m_ws.l(sin_i.o)
    0x08008140   0x08008140   0x00000040   Data   RO         5621    .constdata          mc_w.l(ctype_c.o)
    0x08008180   0x08008180   0x0000000c   Data   RO          494    .conststring        freertos.o
    0x0800818c   0x0800818c   0x00000020   Data   RO         5625    Region$$Table       anon$$obj.o


    Execution Region RW_IRAM1 (Exec base: 0x20000000, Load base: 0x080081ac, Size: 0x00005f18, Max: 0x00010000, ABSOLUTE)

    Exec Addr    Load Addr    Size         Type   Attr      Idx    E Section Name        Object

    0x20000000   0x080081ac   0x00000008   Data   RW           31    .data               kinematics_task.o
    0x20000008   0x080081b4   0x00000030   Data   RW          271    .data               motor.o
    0x20000038   0x080081e4   0x00000004   Data   RW          495    .data               freertos.o
    0x2000003c   0x080081e8   0x0000000c   Data   RW          693    .data               usart.o
    0x20000048   0x080081f4   0x0000000c   Data   RW         1235    .data               stm32f1xx_hal.o
    0x20000054   0x08008200   0x00000004   Data   RW         3527    .data               system_stm32f1xx.o
    0x20000058   0x08008204   0x0000003c   Data   RW         4173    .data               tasks.o
    0x20000094   0x08008240   0x00000014   Data   RW         4504    .data               timers.o
    0x200000a8   0x08008254   0x00000020   Data   RW         5037    .data               heap_4.o
    0x200000c8   0x08008274   0x0000000c   Data   RW         5093    .data               port.o
    0x200000d4   0x08008280   0x00000004   Data   RW         5230    .data               mc_w.l(strtok.o)
    0x200000d8   0x08008284   0x00000004   Data   RW         5575    .data               mc_w.l(stdout.o)
    0x200000dc   0x08008288   0x00000004   Data   RW         5587    .data               mc_w.l(errno.o)
    0x200000e0        -       0x00000058   Zero   RW           22    .bss                kinematics_task.o
    0x20000138        -       0x00000048   Zero   RW          337    .bss                game.o
    0x20000180        -       0x000006b8   Zero   RW          492    .bss                freertos.o
    0x20000838        -       0x00000028   Zero   RW          542    .bss                can.o
    0x20000860        -       0x00000090   Zero   RW          626    .bss                tim.o
    0x200008f0        -       0x00000174   Zero   RW          692    .bss                usart.o
    0x20000a64        -       0x00000048   Zero   RW          904    .bss                stm32f1xx_hal_timebase_tim.o
    0x20000aac        -       0x00000040   Zero   RW         3751    .bss                queue.o
    0x20000aec        -       0x000000f0   Zero   RW         4172    .bss                tasks.o
    0x20000bdc        -       0x00000118   Zero   RW         4503    .bss                timers.o
    0x20000cf4        -       0x00004e20   Zero   RW         5036    .bss                heap_4.o
    0x20005b14   0x0800828c   0x00000004   PAD
    0x20005b18        -       0x00000400   Zero   RW            1    STACK               startup_stm32f103xe.o


==============================================================================

Image component sizes


      Code (inc. data)   RO Data    RW Data    ZI Data      Debug   Object Name

       304         34          0          0         40       3022   can.o
        12          0          0          0          0       1238   circle_buffer.o
       120          0          0          0          0      22949   cmsis_os.o
        60          4          0          0          0        698   dma.o
         0          0          0          0          0      17336   event_groups.o
        96         20         40          4       1720       2995   freertos.o
       600        302          0          0         72       9796   game.o
       156         12          0          0          0        863   gpio.o
       468         22          0         32      20000       4559   heap_4.o
      3306         66        144          8         88     527841   kinematics_task.o
       138          0          0          0          0       3190   list.o
       168          6          0          0          0       6952   main.o
      1452        462          0         48          0       6666   motor.o
       662         70          0         12          0      10677   port.o
      1580         20          0          0         64      17502   queue.o
        36          8        304          0       1024        768   startup_stm32f103xe.o
        64         14          0         12          0       5046   stm32f1xx_hal.o
       890          0          0          0          0       5880   stm32f1xx_hal_can.o
       158         14          0          0          0      28010   stm32f1xx_hal_cortex.o
      1236         52          0          0          0       4882   stm32f1xx_hal_dma.o
       514         42          0          0          0       2800   stm32f1xx_hal_gpio.o
        72         10          0          0          0        802   stm32f1xx_hal_msp.o
      1304         94         18          0          0       5501   stm32f1xx_hal_rcc.o
      2112        108          0          0          0      15935   stm32f1xx_hal_tim.o
       128         20          0          0          0       2265   stm32f1xx_hal_tim_ex.o
       152         20          0          0         72       1375   stm32f1xx_hal_timebase_tim.o
      1954         24          0          0          0      12633   stm32f1xx_hal_uart.o
        84         36          0          0          0       4809   stm32f1xx_it.o
         0          0          0          0          0        392   stream_buffer.o
         2          0         24          4          0       1011   system_stm32f1xx.o
      2128        158          0         60        240      25268   tasks.o
       700         96          0          0        144       3573   tim.o
       972         80          0         20        280      29315   timers.o
       600         76          0         12        372       5592   usart.o

    ----------------------------------------------------------------------
     22278       1874        564        212      24120     792141   Object Totals
         0          0         32          0          0          0   (incl. Generated)
        50          4          2          0          4          0   (incl. Padding)

    ----------------------------------------------------------------------

      Code (inc. data)   RO Data    RW Data    ZI Data      Debug   Library Member Name

       636         62         80          0          0        188   acos.o
       544         70        152          0          0        124   atan.o
       412         38          0          0          0        144   atan2.o
        42          0          0          0          0         84   atof.o
       156          8          0          0          0        104   cos.o
       252         22         48          0          0        124   cos_i.o
        38          6          0          0          0        272   dunder.o
        40          0          0          0          0         68   fpclassify.o
       170          0          0          0          0         96   poly.o
         0          0          8          0          0          0   qnan.o
       904         76        200          0          0        140   rred.o
       160         10          0          0          0        108   sin.o
       236         12         40          0          0        128   sin_i.o
        76          0          0          0          0         84   sqrt.o
        64          0          0          0          0         84   _sgetc.o
        40          6         64          0          0         68   ctype_c.o
         0          0          0          0          0          0   entry.o
         0          0          0          0          0          0   entry10a.o
         0          0          0          0          0          0   entry11a.o
         4          0          0          0          0          0   entry12b.o
         8          4          0          0          0          0   entry2.o
         4          0          0          0          0          0   entry5.o
         0          0          0          0          0          0   entry7b.o
         0          0          0          0          0          0   entry8b.o
         8          4          0          0          0          0   entry9a.o
        24         12          0          4          0        136   errno.o
        30          0          0          0          0          0   handlers.o
        36          8          0          0          0         68   init.o
        10          0          0          0          0         68   isspace_c.o
         0          0          0          0          0          0   iusefp.o
        30          0          0          0          0         68   llshl.o
        36          0          0          0          0         68   llsshr.o
        32          0          0          0          0         68   llushr.o
        36          0          0          0          0         68   memcpya.o
        36          0          0          0          0        108   memseta.o
      2218         90          0          0          0        464   printfa.o
       878         12          0          0          0        216   scanf_fp.o
         0          0          0          4          0          0   stdout.o
        24          0          0          0          0         76   strncpy.o
       156         12          0          0          0        120   strtod.o
        68          6          0          4          0         80   strtok.o
        44          0          0          0          0         80   uidiv.o
        98          0          0          0          0         92   uldiv.o
        48          0          0          0          0         68   cdcmple.o
        48          0          0          0          0         68   cdrcmple.o
        56          0          0          0          0         88   d2f.o
       334          0          0          0          0        148   dadd.o
       222          0          0          0          0        100   ddiv.o
       186          0          0          0          0        176   depilogue.o
        62          0          0          0          0         80   dfixi.o
        50          0          0          0          0         76   dfixui.o
        48          0          0          0          0         68   dfixul.o
        34          0          0          0          0         76   dflti.o
        26          0          0          0          0         76   dfltui.o
        24          0          0          0          0         76   dfltul.o
       228          0          0          0          0         96   dmul.o
        46          0          0          0          0         80   dscalb.o
       162          0          0          0          0        100   dsqrt.o
        38          0          0          0          0         68   f2d.o
       176          0          0          0          0        140   fadd.o
       124          0          0          0          0         88   fdiv.o
       110          0          0          0          0        168   fepilogue.o
        40          0          0          0          0         68   ffixui.o
        10          0          0          0          0         68   ffltui.o
       100          0          0          0          0         76   fmul.o
        24          0          0          0          0         68   fscalb.o

    ----------------------------------------------------------------------
      9762        458        592         12          0       5716   Library Totals
        16          0          0          0          0          0   (incl. Padding)

    ----------------------------------------------------------------------

      Code (inc. data)   RO Data    RW Data    ZI Data      Debug   Library Name

      3666        304        528          0          0       1664   m_ws.l
      3884        154         64         12          0       1932   mc_w.l
      2196          0          0          0          0       2120   mf_w.l

    ----------------------------------------------------------------------
      9762        458        592         12          0       5716   Library Totals

    ----------------------------------------------------------------------

==============================================================================


      Code (inc. data)   RO Data    RW Data    ZI Data      Debug   

     32040       2332       1156        224      24120     784853   Grand Totals
     32040       2332       1156        224      24120     784853   ELF Image Totals
     32040       2332       1156        224          0          0   ROM Totals

==============================================================================

    Total RO  Size (Code + RO Data)                33196 (  32.42kB)
    Total RW  Size (RW Data + ZI Data)             24344 (  23.77kB)
    Total ROM Size (Code + RO Data + RW Data)      33420 (  32.64kB)

==============================================================================

